1789759177141 kernel started pid 1160769
1789759182504 timeout waiting for turn root idle after 5s
1789759187514 timeout waiting for turn root idle after 5s
1789759192525 timeout waiting for turn root idle after 5s
1789759197536 timeout waiting for turn root idle after 5s
1789759202547 timeout waiting for turn root idle after 5s
1789759207559 timeout waiting for turn root idle after 5s
1789759212570 timeout waiting for turn root idle after 5s
1789759217580 timeout waiting for turn root idle after 5s
1789759222592 timeout waiting for turn root idle after 5s
1789759227603 timeout waiting for turn root idle after 5s
1789759232614 timeout waiting for turn root idle after 5s
1789759237625 timeout waiting for turn root idle after 5s
1789759242636 timeout waiting for turn root idle after 5s
1789759247649 timeout waiting for turn root idle after 5s
1789759252660 timeout waiting for turn root idle after 5s
1789759257671 timeout waiting for turn root idle after 5s
1789759262682 timeout waiting for turn root idle after 5s
1789759267694 timeout waiting for turn root idle after 5s
1789759272706 timeout waiting for turn root idle after 5s
1789759277717 timeout waiting for turn root idle after 5s
1789759282728 timeout waiting for turn root idle after 5s
1789759287740 timeout waiting for turn root idle after 5s
1789759292750 timeout waiting for turn root idle after 5s
1789759297763 timeout waiting for turn root idle after 5s
1789759302775 timeout waiting for turn root idle after 5s
1789759307786 timeout waiting for turn root idle after 5s
1789759312798 timeout waiting for turn root idle after 5s
1789759317809 timeout waiting for turn root idle after 5s
1789759322821 timeout waiting for turn root idle after 5s
1789759327832 timeout waiting for turn root idle after 5s
1789759332844 timeout waiting for turn root idle after 5s
1789759337856 timeout waiting for turn root idle after 5s
1789759342868 timeout waiting for turn root idle after 5s
1789759347879 timeout waiting for turn root idle after 5s
1789759352891 timeout waiting for turn root idle after 5s
1789759357901 timeout waiting for turn root idle after 5s
1789759362912 timeout waiting for turn root idle after 5s
1789759367925 timeout waiting for turn root idle after 5s
1789759372936 timeout waiting for turn root idle after 5s
1789759377947 timeout waiting for turn root idle after 5s
1789759382958 timeout waiting for turn root idle after 5s
1789759387969 timeout waiting for turn root idle after 5s
1789759392980 timeout waiting for turn root idle after 5s
1789759397992 timeout waiting for turn root idle after 5s
1789759403004 timeout waiting for turn root idle after 5s
1789759408017 timeout waiting for turn root idle after 5s
1789759413029 timeout waiting for turn root idle after 5s
1789759418041 timeout waiting for turn root idle after 5s
1789759423053 timeout waiting for turn root idle after 5s
1789759428065 timeout waiting for turn root idle after 5s
1789759433077 timeout waiting for turn root idle after 5s
1789759438089 timeout waiting for turn root idle after 5s
1789759443101 timeout waiting for turn root idle after 5s
1789759448112 timeout waiting for turn root idle after 5s
1789759453124 timeout waiting for turn root idle after 5s
1789759458136 timeout waiting for turn root idle after 5s
1789759463147 timeout waiting for turn root idle after 5s
1789759468159 timeout waiting for turn root idle after 5s
1789759473171 timeout waiting for turn root idle after 5s
1789759478184 timeout waiting for turn root idle after 5s
1789759478184 BREAK turn-looping: feature archive-children-default: the same tool (read) was called the last 6 times running at the 300 s ceiling; the turn is going round rather than getting on
1789759478200 kernel stopped with code 0
1789759478264 bugs: new 155c6965e6.md
