1789859968082 kernel started pid 2064814
1789859973445 timeout waiting for turn root idle after 5s
1789859978456 timeout waiting for turn root idle after 5s
1789859983468 timeout waiting for turn root idle after 5s
1789859988480 timeout waiting for turn root idle after 5s
1789859993492 timeout waiting for turn root idle after 5s
1789859998503 timeout waiting for turn root idle after 5s
1789860003514 timeout waiting for turn root idle after 5s
1789860008524 timeout waiting for turn root idle after 5s
1789860013535 timeout waiting for turn root idle after 5s
1789860018546 timeout waiting for turn root idle after 5s
1789860023557 timeout waiting for turn root idle after 5s
1789860028567 timeout waiting for turn root idle after 5s
1789860033577 timeout waiting for turn root idle after 5s
1789860038586 timeout waiting for turn root idle after 5s
1789860043596 timeout waiting for turn root idle after 5s
1789860048606 timeout waiting for turn root idle after 5s
1789860053615 timeout waiting for turn root idle after 5s
1789860058625 timeout waiting for turn root idle after 5s
1789860063635 timeout waiting for turn root idle after 5s
1789860068644 timeout waiting for turn root idle after 5s
1789860073654 timeout waiting for turn root idle after 5s
1789860078663 timeout waiting for turn root idle after 5s
1789860083673 timeout waiting for turn root idle after 5s
1789860088682 timeout waiting for turn root idle after 5s
1789860093692 timeout waiting for turn root idle after 5s
1789860098702 timeout waiting for turn root idle after 5s
1789860103711 timeout waiting for turn root idle after 5s
1789860108721 timeout waiting for turn root idle after 5s
1789860113730 timeout waiting for turn root idle after 5s
1789860118739 timeout waiting for turn root idle after 5s
1789860123749 timeout waiting for turn root idle after 5s
1789860128759 timeout waiting for turn root idle after 5s
1789860133769 timeout waiting for turn root idle after 5s
1789860138779 timeout waiting for turn root idle after 5s
1789860143788 timeout waiting for turn root idle after 5s
1789860148798 timeout waiting for turn root idle after 5s
1789860153807 timeout waiting for turn root idle after 5s
1789860158818 timeout waiting for turn root idle after 5s
1789860163828 timeout waiting for turn root idle after 5s
1789860168838 timeout waiting for turn root idle after 5s
1789860173849 timeout waiting for turn root idle after 5s
1789860178860 timeout waiting for turn root idle after 5s
1789860183871 timeout waiting for turn root idle after 5s
1789860188882 timeout waiting for turn root idle after 5s
1789860193893 timeout waiting for turn root idle after 5s
1789860198904 timeout waiting for turn root idle after 5s
1789860203915 timeout waiting for turn root idle after 5s
1789860208925 timeout waiting for turn root idle after 5s
1789860213937 timeout waiting for turn root idle after 5s
1789860218949 timeout waiting for turn root idle after 5s
1789860223960 timeout waiting for turn root idle after 5s
1789860228971 timeout waiting for turn root idle after 5s
1789860233982 timeout waiting for turn root idle after 5s
1789860238994 timeout waiting for turn root idle after 5s
1789860244006 timeout waiting for turn root idle after 5s
1789860249017 timeout waiting for turn root idle after 5s
1789860254027 timeout waiting for turn root idle after 5s
1789860259038 timeout waiting for turn root idle after 5s
1789860264050 timeout waiting for turn root idle after 5s
1789860269061 timeout waiting for turn root idle after 5s
1789860269062 BREAK turn-looping: feature secrets-door: the same tool (bash) was called the last 6 times running at the 300 s ceiling; the turn is going round rather than getting on
1789860269078 kernel stopped with code 0
1789860269172 bugs: new 6d39799d37.md
