env_stray_secrets: 4 variable(s) in this kernel's environment look like credentials and are not managed by the secrets door: CLOUD_AGENT_ALL_SECRET_NAMES, CLOUD_AGENT_INJECTED_SECRET_NAMES, CUROR_API_KEY_ENV, CURSOR_API_KEY — start the kernel from a clean environment or declare them in .arbos/secrets.toml
Walking /tmp/arbos-qa-inbox:rollout-tracing-q3o39kc8/place...
Found 28 text files (0 binary skipped, 0 too large, 0 errors)
Extracting trigrams...
Writing index (8134 trigrams, 28 files, 0 spill segment(s))...
Index built successfully at /tmp/arbos-qa-inbox:rollout-tracing-q3o39kc8/home/.cache/arbos/tgrep/28f0da0fad7523e6
turn root: jev fell through (400 bad request: typesafe/jev-latest is not a valid model ID)
turn root: jev fell through (400 bad request: typesafe/jev-latest is not a valid model ID)
turn root: jev fell through (400 bad request: typesafe/jev-latest is not a valid model ID)
turn root: jev fell through (400 bad request: typesafe/jev-latest is not a valid model ID)
tools root: 3 calls, wall 2ms, sum 2ms, speedup 1.0x
turn root: jev fell through (400 bad request: typesafe/jev-latest is not a valid model ID)
turn root: jev fell through (400 bad request: typesafe/jev-latest is not a valid model ID)
turn root: jev fell through (400 bad request: typesafe/jev-latest is not a valid model ID)
turn root: jev fell through (400 bad request: typesafe/jev-latest is not a valid model ID)
turn root: jev fell through (400 bad request: typesafe/jev-latest is not a valid model ID)
turn root: jev fell through (400 bad request: typesafe/jev-latest is not a valid model ID)
turn root: jev fell through (400 bad request: typesafe/jev-latest is not a valid model ID)
turn root: jev fell through (400 bad request: typesafe/jev-latest is not a valid model ID)
turn root: jev fell through (400 bad request: typesafe/jev-latest is not a valid model ID)
turn root: jev fell through (400 bad request: typesafe/jev-latest is not a valid model ID)
turn root: jev fell through (400 bad request: typesafe/jev-latest is not a valid model ID)
turn create-replies-file: jev fell through (400 bad request: typesafe/jev-latest is not a valid model ID)
tools create-replies-file: 2 calls, wall 7ms, sum 1ms, speedup 0.1x
turn create-replies-file: jev fell through (400 bad request: typesafe/jev-latest is not a valid model ID)
turn root: jev fell through (400 bad request: typesafe/jev-latest is not a valid model ID)
turn root: jev fell through (400 bad request: typesafe/jev-latest is not a valid model ID)
turn run-replay-provider: jev fell through (400 bad request: typesafe/jev-latest is not a valid model ID)
turn run-replay-provider: jev fell through (400 bad request: typesafe/jev-latest is not a valid model ID)
turn run-replay-provider: jev fell through (400 bad request: typesafe/jev-latest is not a valid model ID)
turn run-replay-provider: jev fell through (400 bad request: typesafe/jev-latest is not a valid model ID)
turn run-replay-provider: jev fell through (400 bad request: typesafe/jev-latest is not a valid model ID)
turn run-replay-provider: jev fell through (400 bad request: typesafe/jev-latest is not a valid model ID)
turn run-replay-provider: jev fell through (400 bad request: typesafe/jev-latest is not a valid model ID)
turn run-replay-provider: jev fell through (400 bad request: typesafe/jev-latest is not a valid model ID)
turn run-replay-provider: jev fell through (400 bad request: typesafe/jev-latest is not a valid model ID)
turn run-replay-provider: jev fell through (400 bad request: typesafe/jev-latest is not a valid model ID)
turn run-replay-provider: jev fell through (400 bad request: typesafe/jev-latest is not a valid model ID)
turn run-replay-provider: jev fell through (400 bad request: typesafe/jev-latest is not a valid model ID)
turn run-replay-provider: jev fell through (400 bad request: typesafe/jev-latest is not a valid model ID)
turn run-replay-provider: jev fell through (400 bad request: typesafe/jev-latest is not a valid model ID)
