env_stray_secrets: 4 variable(s) in this kernel's environment look like credentials and are not managed by the secrets door: CLOUD_AGENT_ALL_SECRET_NAMES, CLOUD_AGENT_INJECTED_SECRET_NAMES, CUROR_API_KEY_ENV, CURSOR_API_KEY — start the kernel from a clean environment or declare them in .arbos/secrets.toml
Walking /tmp/arbos-qa-bench-fix-commit-branch-g1q6sy4d/place...
Found 28 text files (0 binary skipped, 0 too large, 0 errors)
Extracting trigrams...
Writing index (8138 trigrams, 28 files, 0 spill segment(s))...
Index built successfully at /tmp/arbos-qa-bench-fix-commit-branch-g1q6sy4d/home/.cache/arbos/tgrep/1c43057000dd382d
turn root: jev fell through (400 bad request: ~typesafe/jev-latest is a decisions model and cannot be used with the chat/completions endpoint. Use the /api/alpha/decisions endpoint instead.)
turn root: jev fell through (400 bad request: ~typesafe/jev-latest is a decisions model and cannot be used with the chat/completions endpoint. Use the /api/alpha/decisions endpoint instead.)
turn root: jev fell through (400 bad request: ~typesafe/jev-latest is a decisions model and cannot be used with the chat/completions endpoint. Use the /api/alpha/decisions endpoint instead.)
turn fix-hello-py: jev fell through (400 bad request: ~typesafe/jev-latest is a decisions model and cannot be used with the chat/completions endpoint. Use the /api/alpha/decisions endpoint instead.)
turn fix-hello-py: jev fell through (400 bad request: ~typesafe/jev-latest is a decisions model and cannot be used with the chat/completions endpoint. Use the /api/alpha/decisions endpoint instead.)
turn fix-hello-py: jev fell through (400 bad request: ~typesafe/jev-latest is a decisions model and cannot be used with the chat/completions endpoint. Use the /api/alpha/decisions endpoint instead.)
turn fix-hello-py: jev fell through (400 bad request: ~typesafe/jev-latest is a decisions model and cannot be used with the chat/completions endpoint. Use the /api/alpha/decisions endpoint instead.)
turn fix-hello-py: jev fell through (400 bad request: ~typesafe/jev-latest is a decisions model and cannot be used with the chat/completions endpoint. Use the /api/alpha/decisions endpoint instead.)
turn fix-hello-py: jev fell through (400 bad request: ~typesafe/jev-latest is a decisions model and cannot be used with the chat/completions endpoint. Use the /api/alpha/decisions endpoint instead.)
turn fix-hello-py: jev fell through (400 bad request: ~typesafe/jev-latest is a decisions model and cannot be used with the chat/completions endpoint. Use the /api/alpha/decisions endpoint instead.)
turn fix-hello-py: jev fell through (400 bad request: ~typesafe/jev-latest is a decisions model and cannot be used with the chat/completions endpoint. Use the /api/alpha/decisions endpoint instead.)
turn fix-hello-py: jev fell through (400 bad request: ~typesafe/jev-latest is a decisions model and cannot be used with the chat/completions endpoint. Use the /api/alpha/decisions endpoint instead.)
turn fix-hello-py: jev fell through (400 bad request: ~typesafe/jev-latest is a decisions model and cannot be used with the chat/completions endpoint. Use the /api/alpha/decisions endpoint instead.)
turn fix-hello-py: jev fell through (400 bad request: ~typesafe/jev-latest is a decisions model and cannot be used with the chat/completions endpoint. Use the /api/alpha/decisions endpoint instead.)
turn fix-hello-py: jev fell through (400 bad request: ~typesafe/jev-latest is a decisions model and cannot be used with the chat/completions endpoint. Use the /api/alpha/decisions endpoint instead.)
turn fix-hello-py: jev fell through (400 bad request: ~typesafe/jev-latest is a decisions model and cannot be used with the chat/completions endpoint. Use the /api/alpha/decisions endpoint instead.)
turn fix-hello-py: jev fell through (400 bad request: ~typesafe/jev-latest is a decisions model and cannot be used with the chat/completions endpoint. Use the /api/alpha/decisions endpoint instead.)
turn fix-hello-py: jev fell through (400 bad request: ~typesafe/jev-latest is a decisions model and cannot be used with the chat/completions endpoint. Use the /api/alpha/decisions endpoint instead.)
turn fix-hello-py: jev fell through (400 bad request: ~typesafe/jev-latest is a decisions model and cannot be used with the chat/completions endpoint. Use the /api/alpha/decisions endpoint instead.)
turn fix-hello-py: jev fell through (400 bad request: ~typesafe/jev-latest is a decisions model and cannot be used with the chat/completions endpoint. Use the /api/alpha/decisions endpoint instead.)
turn fix-hello-py: jev fell through (400 bad request: ~typesafe/jev-latest is a decisions model and cannot be used with the chat/completions endpoint. Use the /api/alpha/decisions endpoint instead.)
turn fix-hello-py: jev fell through (400 bad request: ~typesafe/jev-latest is a decisions model and cannot be used with the chat/completions endpoint. Use the /api/alpha/decisions endpoint instead.)
turn fix-hello-py: jev fell through (400 bad request: ~typesafe/jev-latest is a decisions model and cannot be used with the chat/completions endpoint. Use the /api/alpha/decisions endpoint instead.)
turn fix-hello-py: jev fell through (400 bad request: ~typesafe/jev-latest is a decisions model and cannot be used with the chat/completions endpoint. Use the /api/alpha/decisions endpoint instead.)
turn fix-hello-py: jev fell through (400 bad request: ~typesafe/jev-latest is a decisions model and cannot be used with the chat/completions endpoint. Use the /api/alpha/decisions endpoint instead.)
turn fix-hello-py: jev fell through (400 bad request: ~typesafe/jev-latest is a decisions model and cannot be used with the chat/completions endpoint. Use the /api/alpha/decisions endpoint instead.)
turn fix-hello-py: jev fell through (400 bad request: ~typesafe/jev-latest is a decisions model and cannot be used with the chat/completions endpoint. Use the /api/alpha/decisions endpoint instead.)
turn fix-hello-py: jev fell through (400 bad request: ~typesafe/jev-latest is a decisions model and cannot be used with the chat/completions endpoint. Use the /api/alpha/decisions endpoint instead.)
turn fix-hello-py: jev fell through (400 bad request: ~typesafe/jev-latest is a decisions model and cannot be used with the chat/completions endpoint. Use the /api/alpha/decisions endpoint instead.)
snapshot_failed: git add: fatal: unable to stat 'agents/fix-hello-py/jobs/j4/exit': No such file or directory
turn root: jev fell through (400 bad request: ~typesafe/jev-latest is a decisions model and cannot be used with the chat/completions endpoint. Use the /api/alpha/decisions endpoint instead.)
turn root: jev fell through (400 bad request: ~typesafe/jev-latest is a decisions model and cannot be used with the chat/completions endpoint. Use the /api/alpha/decisions endpoint instead.)
