1789756168629 kernel started pid 1112177
1789756173993 timeout waiting for turn root idle after 5s
1789756179006 timeout waiting for turn root idle after 5s
1789756184024 timeout waiting for turn root idle after 5s
1789756189057 timeout waiting for turn root idle after 5s
1789756194081 timeout waiting for turn root idle after 5s
1789756199120 timeout waiting for turn root idle after 5s
1789756204149 timeout waiting for turn root idle after 5s
1789756209161 timeout waiting for turn root idle after 5s
1789756214173 timeout waiting for turn root idle after 5s
1789756219184 timeout waiting for turn root idle after 5s
1789756224197 timeout waiting for turn root idle after 5s
1789756229208 timeout waiting for turn root idle after 5s
1789756234221 timeout waiting for turn root idle after 5s
1789756239234 timeout waiting for turn root idle after 5s
1789756244246 timeout waiting for turn root idle after 5s
1789756249258 timeout waiting for turn root idle after 5s
1789756254271 timeout waiting for turn root idle after 5s
1789756259305 timeout waiting for turn root idle after 5s
1789756264337 timeout waiting for turn root idle after 5s
1789756269368 timeout waiting for turn root idle after 5s
1789756274406 timeout waiting for turn root idle after 5s
1789756279423 timeout waiting for turn root idle after 5s
1789756284436 timeout waiting for turn root idle after 5s
1789756289448 timeout waiting for turn root idle after 5s
1789756294461 timeout waiting for turn root idle after 5s
1789756299474 timeout waiting for turn root idle after 5s
1789756304486 timeout waiting for turn root idle after 5s
1789756309498 timeout waiting for turn root idle after 5s
1789756314510 timeout waiting for turn root idle after 5s
1789756319521 timeout waiting for turn root idle after 5s
1789756324533 timeout waiting for turn root idle after 5s
1789756329543 timeout waiting for turn root idle after 5s
1789756334560 timeout waiting for turn root idle after 5s
1789756339575 timeout waiting for turn root idle after 5s
1789756344588 timeout waiting for turn root idle after 5s
1789756349601 timeout waiting for turn root idle after 5s
1789756354613 timeout waiting for turn root idle after 5s
1789756359625 timeout waiting for turn root idle after 5s
1789756364637 timeout waiting for turn root idle after 5s
1789756369650 timeout waiting for turn root idle after 5s
1789756374662 timeout waiting for turn root idle after 5s
1789756379674 timeout waiting for turn root idle after 5s
1789756384687 timeout waiting for turn root idle after 5s
1789756389699 timeout waiting for turn root idle after 5s
1789756394710 timeout waiting for turn root idle after 5s
1789756399722 timeout waiting for turn root idle after 5s
1789756404734 timeout waiting for turn root idle after 5s
1789756409746 timeout waiting for turn root idle after 5s
1789756414758 timeout waiting for turn root idle after 5s
1789756419771 timeout waiting for turn root idle after 5s
1789756424783 timeout waiting for turn root idle after 5s
1789756429796 timeout waiting for turn root idle after 5s
1789756434808 timeout waiting for turn root idle after 5s
1789756439820 timeout waiting for turn root idle after 5s
1789756444832 timeout waiting for turn root idle after 5s
1789756449844 timeout waiting for turn root idle after 5s
1789756454857 timeout waiting for turn root idle after 5s
1789756459870 timeout waiting for turn root idle after 5s
1789756464881 timeout waiting for turn root idle after 5s
1789756469894 timeout waiting for turn root idle after 5s
1789756469895 BREAK turn-looping: feature worktree-cwd-confinement: the same tool (todo) was called the last 6 times running at the 300 s ceiling; the turn is going round rather than getting on
1789756469927 kernel stopped with code 0
1789756469995 bugs: new 38e953fda5.md
