env_stray_secrets: 4 variable(s) in this kernel's environment look like credentials and are not managed by the secrets door: CLOUD_AGENT_ALL_SECRET_NAMES, CLOUD_AGENT_INJECTED_SECRET_NAMES, CUROR_API_KEY_ENV, CURSOR_API_KEY — start the kernel from a clean environment or declare them in .arbos/secrets.toml
Walking /tmp/arbos-qa-inbox:pipefail-chat-model-dks0sopx/place...
Found 28 text files (0 binary skipped, 0 too large, 0 errors)
Extracting trigrams...
Writing index (8137 trigrams, 28 files, 0 spill segment(s))...
Index built successfully at /tmp/arbos-qa-inbox:pipefail-chat-model-dks0sopx/home/.cache/arbos/tgrep/0f8cf5b7b6a0e2ce
tools j-01-pipefail-attack-3: 2 calls, wall 4ms, sum 1ms, speedup 0.2x
tools j-01-pipefail-attack-3: 2 calls, wall 265ms, sum 260ms, speedup 1.0x
tools j-01-pipefail-attack-3: 2 calls, wall 7ms, sum 1ms, speedup 0.1x
tools j-01-pipefail-attack-5: 2 calls, wall 4ms, sum 1ms, speedup 0.2x
tools j-01-pipefail-attack-5: 2 calls, wall 6ms, sum 2ms, speedup 0.3x
tools j-01-pipefail-attack-5: 2 calls, wall 268ms, sum 261ms, speedup 1.0x
tools j-01-pipefail-attack-5: 2 calls, wall 6ms, sum 1ms, speedup 0.2x
tools j-01-pipefail-attack-5: 3 calls, wall 1ms, sum 1ms, speedup 1.0x
tools root: 2 calls, wall 24642ms, sum 41589ms, speedup 1.7x
provider: model-y: 400 bad request: model-y is not a valid model ID — model-y is not a valid model ID
tools j-05-per-chat-model--4: 3 calls, wall 911ms, sum 3ms, speedup 0.0x
tools j-05-per-chat-model--4: 3 calls, wall 885ms, sum 269ms, speedup 0.3x
tools j-05-per-chat-model--4: 3 calls, wall 14ms, sum 2ms, speedup 0.1x
tools j-05-per-chat-model--4: 2 calls, wall 12143ms, sum 12143ms, speedup 1.0x
tools j-05-per-chat-model--4: 2 calls, wall 262ms, sum 262ms, speedup 1.0x
tools j-05-per-chat-model--4: 2 calls, wall 260ms, sum 260ms, speedup 1.0x
