env_stray_secrets: 4 variable(s) in this kernel's environment look like credentials and are not managed by the secrets door: CLOUD_AGENT_ALL_SECRET_NAMES, CLOUD_AGENT_INJECTED_SECRET_NAMES, CUROR_API_KEY_ENV, CURSOR_API_KEY — start the kernel from a clean environment or declare them in .arbos/secrets.toml
Walking /tmp/arbos-qa-inbox:spawn-worktree-isolation-ylsqvfl4/place...
Found 28 text files (0 binary skipped, 0 too large, 0 errors)
Extracting trigrams...
Writing index (8011 trigrams, 28 files, 0 spill segment(s))...
Index built successfully at /tmp/arbos-qa-inbox:spawn-worktree-isolation-ylsqvfl4/home/.cache/arbos/tgrep/3d3b91baf82a9222
tools spawn-dirty-parent: 2 calls, wall 136ms, sum 2ms, speedup 0.0x
tools spawn-write-escape: 2 calls, wall 16ms, sum 1ms, speedup 0.1x
tools spawn-undo-changes: 2 calls, wall 14ms, sum 1ms, speedup 0.1x
tools spawn-fail-no-git: 2 calls, wall 255ms, sum 255ms, speedup 1.0x
tools spawn-two-children: 2 calls, wall 510ms, sum 510ms, speedup 1.0x
tools spawn-two-children: 2 calls, wall 510ms, sum 510ms, speedup 1.0x
tools spawn-undo-changes: 3 calls, wall 631ms, sum 509ms, speedup 0.8x
tools spawn-dirty-parent: 2 calls, wall 301ms, sum 255ms, speedup 0.8x
tools spawn-two-children: 2 calls, wall 509ms, sum 509ms, speedup 1.0x
tools spawn-two-children: 2 calls, wall 517ms, sum 517ms, speedup 1.0x
tools spawn-fail-no-git: 2 calls, wall 6ms, sum 0ms, speedup 0.0x
tools spawn-two-children: 2 calls, wall 511ms, sum 511ms, speedup 1.0x
snapshot_failed: git add: fatal: not a git repository: /tmp/arbos-qa-inbox:spawn-worktree-isolation-ylsqvfl4/place/.git/worktrees/worktree-child
tools spawn-dirty-parent: 2 calls, wall 511ms, sum 510ms, speedup 1.0x
snapshot_failed: git add: fatal: not a git repository: /tmp/arbos-qa-inbox:spawn-worktree-isolation-ylsqvfl4/place/.git/worktrees/worktree-child
snapshot_failed: git add: fatal: not a git repository: /tmp/arbos-qa-inbox:spawn-worktree-isolation-ylsqvfl4/place/.git/worktrees/worktree-child
tools spawn-two-children: 2 calls, wall 510ms, sum 510ms, speedup 1.0x
tools spawn-two-children: 2 calls, wall 516ms, sum 516ms, speedup 1.0x
tools spawn-fail-no-git: 3 calls, wall 784ms, sum 255ms, speedup 0.3x
tools root: 9 calls, wall 161230ms, sum 591275ms, speedup 3.7x
