env_stray_secrets: 4 variable(s) in this kernel's environment look like credentials and are not managed by the secrets door: CLOUD_AGENT_ALL_SECRET_NAMES, CLOUD_AGENT_INJECTED_SECRET_NAMES, CUROR_API_KEY_ENV, CURSOR_API_KEY — start the kernel from a clean environment or declare them in .arbos/secrets.toml
Walking /tmp/arbos-qa-secrets-leak-hunt-tlifsw91/place...
Found 29 text files (0 binary skipped, 0 too large, 0 errors)
Extracting trigrams...
Writing index (8159 trigrams, 29 files, 0 spill segment(s))...
Index built successfully at /tmp/arbos-qa-secrets-leak-hunt-tlifsw91/home/.cache/arbos/tgrep/0e2d00caf92cda73
turn root: jev fell through (400 bad request: typesafe/jev-latest is not a valid model ID)
turn root: jev fell through (400 bad request: typesafe/jev-latest is not a valid model ID)
tools root: 5 calls, wall 1327ms, sum 1327ms, speedup 1.0x
turn root: jev fell through (400 bad request: typesafe/jev-latest is not a valid model ID)
tools root: 3 calls, wall 540ms, sum 533ms, speedup 1.0x
turn root: jev fell through (400 bad request: typesafe/jev-latest is not a valid model ID)
turn write-and-read-leak-txt: jev fell through (400 bad request: typesafe/jev-latest is not a valid model ID)
turn write-and-read-leak-txt: jev fell through (400 bad request: typesafe/jev-latest is not a valid model ID)
turn write-and-read-leak-txt: jev fell through (400 bad request: typesafe/jev-latest is not a valid model ID)
turn write-and-read-leak-txt: jev fell through (400 bad request: typesafe/jev-latest is not a valid model ID)
turn write-and-read-leak-txt: jev fell through (400 bad request: typesafe/jev-latest is not a valid model ID)
turn write-and-read-leak-txt: jev fell through (400 bad request: typesafe/jev-latest is not a valid model ID)
turn write-and-read-leak-txt: jev fell through (400 bad request: typesafe/jev-latest is not a valid model ID)
turn write-and-read-leak-txt: jev fell through (400 bad request: typesafe/jev-latest is not a valid model ID)
turn write-and-read-leak-txt: jev fell through (400 bad request: typesafe/jev-latest is not a valid model ID)
tools root: 2 calls, wall 17486ms, sum 17752ms, speedup 1.0x
turn root: jev fell through (400 bad request: typesafe/jev-latest is not a valid model ID)
turn root: jev fell through (400 bad request: typesafe/jev-latest is not a valid model ID)
