cwd=/tmp/arbos-qa-rw-08-failed-restore-leaves-the-tree-where-it-was-xkvdc_3h/place args=check-ignore -q .arbos 
rc=0
cwd=/tmp/arbos-qa-rw-08-failed-restore-leaves-the-tree-where-it-was-xkvdc_3h/place args=check-ignore -q .arbos.nosync 
rc=1
cwd=/tmp/arbos-qa-rw-08-failed-restore-leaves-the-tree-where-it-was-xkvdc_3h/place/.arbos args=init -q -b main 
rc=0
cwd=/tmp/arbos-qa-rw-08-failed-restore-leaves-the-tree-where-it-was-xkvdc_3h/place args=rev-parse HEAD 
rc=0
  | 09cb20db04e2001b78bd081c4df1a50af41b73dc
cwd=/tmp/arbos-qa-rw-08-failed-restore-leaves-the-tree-where-it-was-xkvdc_3h/place args=rev-parse HEAD 
rc=0
  | 09cb20db04e2001b78bd081c4df1a50af41b73dc
cwd=/tmp/arbos-qa-rw-08-failed-restore-leaves-the-tree-where-it-was-xkvdc_3h/place args=rev-parse --git-path index 
rc=0
  | .git/index
cwd=/tmp/arbos-qa-rw-08-failed-restore-leaves-the-tree-where-it-was-xkvdc_3h/place args=config --get core.excludesFile 
rc=1
cwd=/tmp/arbos-qa-rw-08-failed-restore-leaves-the-tree-where-it-was-xkvdc_3h/place args=rev-parse --abbrev-ref HEAD 
rc=0
  | master
cwd=/tmp/arbos-qa-rw-08-failed-restore-leaves-the-tree-where-it-was-xkvdc_3h/place args=-c core.excludesFile=/tmp/arbos-qa-rw-08-failed-restore-leaves-the-tree-where-it-was-xkvdc_3h/place/.arbos/index-scratch-excludes-1401318 add -A -- . 
rc=0
cwd=/tmp/arbos-qa-rw-08-failed-restore-leaves-the-tree-where-it-was-xkvdc_3h/place args=status --porcelain 
rc=0
cwd=/tmp/arbos-qa-rw-08-failed-restore-leaves-the-tree-where-it-was-xkvdc_3h/place args=-c core.excludesFile=/tmp/arbos-qa-rw-08-failed-restore-leaves-the-tree-where-it-was-xkvdc_3h/place/.arbos/index-scratch-excludes-1401318 rm -r -q --cached --ignore-unmatch -- .arbos 
rc=0
cwd=/tmp/arbos-qa-rw-08-failed-restore-leaves-the-tree-where-it-was-xkvdc_3h/place args=rev-parse --short HEAD 
rc=0
  | 09cb20d
cwd=/tmp/arbos-qa-rw-08-failed-restore-leaves-the-tree-where-it-was-xkvdc_3h/place args=-c core.excludesFile=/tmp/arbos-qa-rw-08-failed-restore-leaves-the-tree-where-it-was-xkvdc_3h/place/.arbos/index-scratch-excludes-1401318 write-tree 
rc=0
  | e7c1926678509b70f4f587ea11f2f64b619bfb30
cwd=/tmp/arbos-qa-rw-08-failed-restore-leaves-the-tree-where-it-was-xkvdc_3h/place args=config --get user.name 
rc=0
  | qa
cwd=/tmp/arbos-qa-rw-08-failed-restore-leaves-the-tree-where-it-was-xkvdc_3h/place args=rev-parse 09cb20db04e2001b78bd081c4df1a50af41b73dc^{tree} 
rc=0
  | e7c1926678509b70f4f587ea11f2f64b619bfb30
cwd=/tmp/arbos-qa-rw-08-failed-restore-leaves-the-tree-where-it-was-xkvdc_3h/place args=config --get user.email 
rc=0
  | qa@qa
cwd=/tmp/arbos-qa-rw-08-failed-restore-leaves-the-tree-where-it-was-xkvdc_3h/place args=rev-parse --abbrev-ref HEAD 
rc=0
  | master
cwd=/tmp/arbos-qa-rw-08-failed-restore-leaves-the-tree-where-it-was-xkvdc_3h/place args=status --porcelain 
rc=0
  | ?? f1.txt
cwd=/tmp/arbos-qa-rw-08-failed-restore-leaves-the-tree-where-it-was-xkvdc_3h/place args=rev-parse --short HEAD 
rc=0
  | 09cb20d
cwd=/tmp/arbos-qa-rw-08-failed-restore-leaves-the-tree-where-it-was-xkvdc_3h/place/.arbos args=-c user.name=arbos -c user.email=arbos@localhost add -A -- . 
rc=0
cwd=/tmp/arbos-qa-rw-08-failed-restore-leaves-the-tree-where-it-was-xkvdc_3h/place/.arbos args=diff --cached --quiet 
rc=1
cwd=/tmp/arbos-qa-rw-08-failed-restore-leaves-the-tree-where-it-was-xkvdc_3h/place/.arbos args=-c user.name=arbos -c user.email=arbos@localhost commit -q --no-verify -m root turn L6: first 
rc=0
cwd=/tmp/arbos-qa-rw-08-failed-restore-leaves-the-tree-where-it-was-xkvdc_3h/place/.arbos args=rev-parse --short=12 HEAD 
rc=0
  | f6763cb3a2e7
cwd=/tmp/arbos-qa-rw-08-failed-restore-leaves-the-tree-where-it-was-xkvdc_3h/place args=rev-parse HEAD 
rc=0
  | 09cb20db04e2001b78bd081c4df1a50af41b73dc
cwd=/tmp/arbos-qa-rw-08-failed-restore-leaves-the-tree-where-it-was-xkvdc_3h/place args=rev-parse HEAD 
rc=0
  | 09cb20db04e2001b78bd081c4df1a50af41b73dc
cwd=/tmp/arbos-qa-rw-08-failed-restore-leaves-the-tree-where-it-was-xkvdc_3h/place args=rev-parse --git-path index 
rc=0
cwd=/tmp/arbos-qa-rw-08-failed-restore-leaves-the-tree-where-it-was-xkvdc_3h/place args=rev-parse --abbrev-ref HEAD 
rc=0
  | .git/index
  | master
cwd=/tmp/arbos-qa-rw-08-failed-restore-leaves-the-tree-where-it-was-xkvdc_3h/place args=config --get core.excludesFile 
rc=1
cwd=/tmp/arbos-qa-rw-08-failed-restore-leaves-the-tree-where-it-was-xkvdc_3h/place args=status --porcelain 
rc=0
  | ?? f1.txt
cwd=/tmp/arbos-qa-rw-08-failed-restore-leaves-the-tree-where-it-was-xkvdc_3h/place args=-c core.excludesFile=/tmp/arbos-qa-rw-08-failed-restore-leaves-the-tree-where-it-was-xkvdc_3h/place/.arbos/index-scratch-excludes-1401318 add -A -- . 
rc=0
cwd=/tmp/arbos-qa-rw-08-failed-restore-leaves-the-tree-where-it-was-xkvdc_3h/place args=rev-parse --short HEAD 
rc=0
  | 09cb20d
cwd=/tmp/arbos-qa-rw-08-failed-restore-leaves-the-tree-where-it-was-xkvdc_3h/place args=-c core.excludesFile=/tmp/arbos-qa-rw-08-failed-restore-leaves-the-tree-where-it-was-xkvdc_3h/place/.arbos/index-scratch-excludes-1401318 rm -r -q --cached --ignore-unmatch -- .arbos 
rc=0
cwd=/tmp/arbos-qa-rw-08-failed-restore-leaves-the-tree-where-it-was-xkvdc_3h/place args=-c core.excludesFile=/tmp/arbos-qa-rw-08-failed-restore-leaves-the-tree-where-it-was-xkvdc_3h/place/.arbos/index-scratch-excludes-1401318 write-tree 
rc=0
  | 5221337621602bbc1cb5f3bd238b8ea6e41c5c89
cwd=/tmp/arbos-qa-rw-08-failed-restore-leaves-the-tree-where-it-was-xkvdc_3h/place args=rev-parse 09cb20db04e2001b78bd081c4df1a50af41b73dc^{tree} 
rc=0
  | e7c1926678509b70f4f587ea11f2f64b619bfb30
cwd=/tmp/arbos-qa-rw-08-failed-restore-leaves-the-tree-where-it-was-xkvdc_3h/place args=-c core.excludesFile=/tmp/arbos-qa-rw-08-failed-restore-leaves-the-tree-where-it-was-xkvdc_3h/place/.arbos/index-scratch-excludes-1401318 commit-tree 5221337621602bbc1cb5f3bd238b8ea6e41c5c89 -p 09cb20db04e2001b78bd081c4df1a50af41b73dc -m arbos checkpoint 
rc=0
  | a74efe2701479ba26343e92a97c030cfa1c5c8cb
cwd=/tmp/arbos-qa-rw-08-failed-restore-leaves-the-tree-where-it-was-xkvdc_3h/place args=update-ref refs/arbos/cp/root/8 a74efe2701479ba26343e92a97c030cfa1c5c8cb 
rc=0
cwd=/tmp/arbos-qa-rw-08-failed-restore-leaves-the-tree-where-it-was-xkvdc_3h/place args=rev-parse --abbrev-ref HEAD 
rc=0
  | master
cwd=/tmp/arbos-qa-rw-08-failed-restore-leaves-the-tree-where-it-was-xkvdc_3h/place args=status --porcelain 
rc=0
  | ?? f1.txt
  | ?? f2.txt
cwd=/tmp/arbos-qa-rw-08-failed-restore-leaves-the-tree-where-it-was-xkvdc_3h/place args=rev-parse --short HEAD 
rc=0
  | 09cb20d
cwd=/tmp/arbos-qa-rw-08-failed-restore-leaves-the-tree-where-it-was-xkvdc_3h/place/.arbos args=-c user.name=arbos -c user.email=arbos@localhost add -A -- . 
rc=0
cwd=/tmp/arbos-qa-rw-08-failed-restore-leaves-the-tree-where-it-was-xkvdc_3h/place/.arbos args=diff --cached --quiet 
rc=1
cwd=/tmp/arbos-qa-rw-08-failed-restore-leaves-the-tree-where-it-was-xkvdc_3h/place/.arbos args=-c user.name=arbos -c user.email=arbos@localhost commit -q --no-verify -m root turn L12: second 
rc=0
cwd=/tmp/arbos-qa-rw-08-failed-restore-leaves-the-tree-where-it-was-xkvdc_3h/place/.arbos args=rev-parse --short=12 HEAD 
rc=0
  | 617f4d9abe68
cwd=/tmp/arbos-qa-rw-08-failed-restore-leaves-the-tree-where-it-was-xkvdc_3h/place args=rev-parse HEAD 
rc=0
  | 09cb20db04e2001b78bd081c4df1a50af41b73dc
cwd=/tmp/arbos-qa-rw-08-failed-restore-leaves-the-tree-where-it-was-xkvdc_3h/place args=rev-parse HEAD 
rc=0
  | 09cb20db04e2001b78bd081c4df1a50af41b73dc
cwd=/tmp/arbos-qa-rw-08-failed-restore-leaves-the-tree-where-it-was-xkvdc_3h/place args=rev-parse --git-path index 
rc=0
  | .git/index
cwd=/tmp/arbos-qa-rw-08-failed-restore-leaves-the-tree-where-it-was-xkvdc_3h/place args=rev-parse --abbrev-ref HEAD 
rc=0
  | master
cwd=/tmp/arbos-qa-rw-08-failed-restore-leaves-the-tree-where-it-was-xkvdc_3h/place args=config --get core.excludesFile 
rc=1
cwd=/tmp/arbos-qa-rw-08-failed-restore-leaves-the-tree-where-it-was-xkvdc_3h/place args=status --porcelain 
rc=0
  | ?? f1.txt
  | ?? f2.txt
cwd=/tmp/arbos-qa-rw-08-failed-restore-leaves-the-tree-where-it-was-xkvdc_3h/place args=-c core.excludesFile=/tmp/arbos-qa-rw-08-failed-restore-leaves-the-tree-where-it-was-xkvdc_3h/place/.arbos/index-scratch-excludes-1401318 add -A -- . 
rc=0
cwd=/tmp/arbos-qa-rw-08-failed-restore-leaves-the-tree-where-it-was-xkvdc_3h/place args=rev-parse --short HEAD 
rc=0
  | 09cb20d
cwd=/tmp/arbos-qa-rw-08-failed-restore-leaves-the-tree-where-it-was-xkvdc_3h/place args=-c core.excludesFile=/tmp/arbos-qa-rw-08-failed-restore-leaves-the-tree-where-it-was-xkvdc_3h/place/.arbos/index-scratch-excludes-1401318 rm -r -q --cached --ignore-unmatch -- .arbos 
rc=0
cwd=/tmp/arbos-qa-rw-08-failed-restore-leaves-the-tree-where-it-was-xkvdc_3h/place args=-c core.excludesFile=/tmp/arbos-qa-rw-08-failed-restore-leaves-the-tree-where-it-was-xkvdc_3h/place/.arbos/index-scratch-excludes-1401318 write-tree 
rc=0
  | 4621918d4f2ab4190f1df5b8efafd77238722dad
cwd=/tmp/arbos-qa-rw-08-failed-restore-leaves-the-tree-where-it-was-xkvdc_3h/place args=rev-parse 09cb20db04e2001b78bd081c4df1a50af41b73dc^{tree} 
rc=0
  | e7c1926678509b70f4f587ea11f2f64b619bfb30
cwd=/tmp/arbos-qa-rw-08-failed-restore-leaves-the-tree-where-it-was-xkvdc_3h/place args=-c core.excludesFile=/tmp/arbos-qa-rw-08-failed-restore-leaves-the-tree-where-it-was-xkvdc_3h/place/.arbos/index-scratch-excludes-1401318 commit-tree 4621918d4f2ab4190f1df5b8efafd77238722dad -p 09cb20db04e2001b78bd081c4df1a50af41b73dc -m arbos checkpoint 
rc=0
  | 0594475f31e5bdedd8a1adc13c7cf420229ffeaa
cwd=/tmp/arbos-qa-rw-08-failed-restore-leaves-the-tree-where-it-was-xkvdc_3h/place args=update-ref refs/arbos/cp/root/14 0594475f31e5bdedd8a1adc13c7cf420229ffeaa 
rc=0
cwd=/tmp/arbos-qa-rw-08-failed-restore-leaves-the-tree-where-it-was-xkvdc_3h/place args=rev-parse --abbrev-ref HEAD 
rc=0
  | master
cwd=/tmp/arbos-qa-rw-08-failed-restore-leaves-the-tree-where-it-was-xkvdc_3h/place args=status --porcelain 
rc=0
  | ?? f1.txt
  | ?? f2.txt
  | ?? f3.txt
cwd=/tmp/arbos-qa-rw-08-failed-restore-leaves-the-tree-where-it-was-xkvdc_3h/place args=rev-parse --short HEAD 
rc=0
  | 09cb20d
cwd=/tmp/arbos-qa-rw-08-failed-restore-leaves-the-tree-where-it-was-xkvdc_3h/place/.arbos args=-c user.name=arbos -c user.email=arbos@localhost add -A -- . 
rc=0
cwd=/tmp/arbos-qa-rw-08-failed-restore-leaves-the-tree-where-it-was-xkvdc_3h/place/.arbos args=diff --cached --quiet 
rc=1
cwd=/tmp/arbos-qa-rw-08-failed-restore-leaves-the-tree-where-it-was-xkvdc_3h/place/.arbos args=-c user.name=arbos -c user.email=arbos@localhost commit -q --no-verify -m root turn L18: third 
rc=0
cwd=/tmp/arbos-qa-rw-08-failed-restore-leaves-the-tree-where-it-was-xkvdc_3h/place/.arbos args=rev-parse --short=12 HEAD 
rc=0
  | c66a0fe9b163
cwd=/tmp/arbos-qa-rw-08-failed-restore-leaves-the-tree-where-it-was-xkvdc_3h/place args=ls-files -- .arbos 
rc=0
cwd=/tmp/arbos-qa-rw-08-failed-restore-leaves-the-tree-where-it-was-xkvdc_3h/place args=cat-file -e 09cb20db04e2001b78bd081c4df1a50af41b73dc^{commit} 
rc=0
cwd=/tmp/arbos-qa-rw-08-failed-restore-leaves-the-tree-where-it-was-xkvdc_3h/place args=cat-file -e 0594475f31e5bdedd8a1adc13c7cf420229ffeaa^{tree} 
rc=128
  ! fatal: Not a valid object name 0594475f31e5bdedd8a1adc13c7cf420229ffeaa^{tree}
