1789756650584 kernel started pid 1119818
1789756655947 timeout waiting for turn root idle after 5s
1789756660959 timeout waiting for turn root idle after 5s
1789756665970 timeout waiting for turn root idle after 5s
1789756670981 timeout waiting for turn root idle after 5s
1789756675993 timeout waiting for turn root idle after 5s
1789756681005 timeout waiting for turn root idle after 5s
1789756686016 timeout waiting for turn root idle after 5s
1789756691027 timeout waiting for turn root idle after 5s
1789756696038 timeout waiting for turn root idle after 5s
1789756701050 timeout waiting for turn root idle after 5s
1789756706063 timeout waiting for turn root idle after 5s
1789756711074 timeout waiting for turn root idle after 5s
1789756716086 timeout waiting for turn root idle after 5s
1789756721098 timeout waiting for turn root idle after 5s
1789756726111 timeout waiting for turn root idle after 5s
1789756731123 timeout waiting for turn root idle after 5s
1789756736135 timeout waiting for turn root idle after 5s
1789756741147 timeout waiting for turn root idle after 5s
1789756746159 timeout waiting for turn root idle after 5s
1789756751171 timeout waiting for turn root idle after 5s
1789756756183 timeout waiting for turn root idle after 5s
1789756761195 timeout waiting for turn root idle after 5s
1789756766207 timeout waiting for turn root idle after 5s
1789756771218 timeout waiting for turn root idle after 5s
1789756776231 timeout waiting for turn root idle after 5s
1789756781244 timeout waiting for turn root idle after 5s
1789756786255 timeout waiting for turn root idle after 5s
1789756791265 timeout waiting for turn root idle after 5s
1789756796278 timeout waiting for turn root idle after 5s
1789756801289 timeout waiting for turn root idle after 5s
1789756806301 timeout waiting for turn root idle after 5s
1789756811316 timeout waiting for turn root idle after 5s
1789756816343 timeout waiting for turn root idle after 5s
1789756821370 timeout waiting for turn root idle after 5s
1789756826400 timeout waiting for turn root idle after 5s
1789756831426 timeout waiting for turn root idle after 5s
1789756836438 timeout waiting for turn root idle after 5s
1789756841450 timeout waiting for turn root idle after 5s
1789756846462 timeout waiting for turn root idle after 5s
1789756851475 timeout waiting for turn root idle after 5s
1789756856487 timeout waiting for turn root idle after 5s
1789756861500 timeout waiting for turn root idle after 5s
1789756866512 timeout waiting for turn root idle after 5s
1789756871526 timeout waiting for turn root idle after 5s
1789756876539 timeout waiting for turn root idle after 5s
1789756881552 timeout waiting for turn root idle after 5s
1789756886567 timeout waiting for turn root idle after 5s
1789756891581 timeout waiting for turn root idle after 5s
1789756896595 timeout waiting for turn root idle after 5s
1789756901608 timeout waiting for turn root idle after 5s
1789756906620 timeout waiting for turn root idle after 5s
1789756911633 timeout waiting for turn root idle after 5s
1789756916646 timeout waiting for turn root idle after 5s
1789756921659 timeout waiting for turn root idle after 5s
1789756926671 timeout waiting for turn root idle after 5s
1789756931683 timeout waiting for turn root idle after 5s
1789756936696 timeout waiting for turn root idle after 5s
1789756941708 timeout waiting for turn root idle after 5s
1789756946720 timeout waiting for turn root idle after 5s
1789756951731 timeout waiting for turn root idle after 5s
1789756951732 BREAK turn-looping: feature branding-arbos: the same tool (read) was called the last 6 times running at the 300 s ceiling; the turn is going round rather than getting on
1789756951763 kernel stopped with code 0
1789756951830 bugs: new 96e4b79c03.md
