1789758853010 kernel started pid 1157749
1789758858372 timeout waiting for turn root idle after 5s
1789758863383 timeout waiting for turn root idle after 5s
1789758868394 timeout waiting for turn root idle after 5s
1789758873406 timeout waiting for turn root idle after 5s
1789758878417 timeout waiting for turn root idle after 5s
1789758883428 timeout waiting for turn root idle after 5s
1789758888439 timeout waiting for turn root idle after 5s
1789758893451 timeout waiting for turn root idle after 5s
1789758898463 timeout waiting for turn root idle after 5s
1789758903475 timeout waiting for turn root idle after 5s
1789758908486 timeout waiting for turn root idle after 5s
1789758913498 timeout waiting for turn root idle after 5s
1789758918510 timeout waiting for turn root idle after 5s
1789758923523 timeout waiting for turn root idle after 5s
1789758928535 timeout waiting for turn root idle after 5s
1789758933547 timeout waiting for turn root idle after 5s
1789758938559 timeout waiting for turn root idle after 5s
1789758943570 timeout waiting for turn root idle after 5s
1789758948582 timeout waiting for turn root idle after 5s
1789758953594 timeout waiting for turn root idle after 5s
1789758958605 timeout waiting for turn root idle after 5s
1789758963617 timeout waiting for turn root idle after 5s
1789758968629 timeout waiting for turn root idle after 5s
1789758973641 timeout waiting for turn root idle after 5s
1789758978654 timeout waiting for turn root idle after 5s
1789758983665 timeout waiting for turn root idle after 5s
1789758988677 timeout waiting for turn root idle after 5s
1789758993689 timeout waiting for turn root idle after 5s
1789758998701 timeout waiting for turn root idle after 5s
1789759003712 timeout waiting for turn root idle after 5s
1789759008725 timeout waiting for turn root idle after 5s
1789759013737 timeout waiting for turn root idle after 5s
1789759018749 timeout waiting for turn root idle after 5s
1789759023761 timeout waiting for turn root idle after 5s
1789759028773 timeout waiting for turn root idle after 5s
1789759033785 timeout waiting for turn root idle after 5s
1789759038797 timeout waiting for turn root idle after 5s
1789759043809 timeout waiting for turn root idle after 5s
1789759048821 timeout waiting for turn root idle after 5s
1789759053833 timeout waiting for turn root idle after 5s
1789759058845 timeout waiting for turn root idle after 5s
1789759063858 timeout waiting for turn root idle after 5s
1789759068870 timeout waiting for turn root idle after 5s
1789759073883 timeout waiting for turn root idle after 5s
1789759078896 timeout waiting for turn root idle after 5s
1789759083908 timeout waiting for turn root idle after 5s
1789759088919 timeout waiting for turn root idle after 5s
1789759093931 timeout waiting for turn root idle after 5s
1789759098942 timeout waiting for turn root idle after 5s
1789759103954 timeout waiting for turn root idle after 5s
1789759108966 timeout waiting for turn root idle after 5s
1789759113978 timeout waiting for turn root idle after 5s
1789759118990 timeout waiting for turn root idle after 5s
1789759124002 timeout waiting for turn root idle after 5s
1789759129013 timeout waiting for turn root idle after 5s
1789759134024 timeout waiting for turn root idle after 5s
1789759139036 timeout waiting for turn root idle after 5s
1789759144048 timeout waiting for turn root idle after 5s
1789759149060 timeout waiting for turn root idle after 5s
1789759154071 timeout waiting for turn root idle after 5s
1789759154072 BREAK turn-looping: feature voice-mirror: the same tool (read) was called the last 6 times running at the 300 s ceiling; the turn is going round rather than getting on
1789759154088 kernel stopped with code 0
1789759154151 bugs: new caf6923806.md
