1789757042325 kernel started pid 1133061
1789757047688 timeout waiting for turn root idle after 5s
1789757052699 timeout waiting for turn root idle after 5s
1789757057711 timeout waiting for turn root idle after 5s
1789757062722 timeout waiting for turn root idle after 5s
1789757067733 timeout waiting for turn root idle after 5s
1789757072745 timeout waiting for turn root idle after 5s
1789757077757 timeout waiting for turn root idle after 5s
1789757082769 timeout waiting for turn root idle after 5s
1789757087780 timeout waiting for turn root idle after 5s
1789757092797 timeout waiting for turn root idle after 5s
1789757097809 timeout waiting for turn root idle after 5s
1789757102829 timeout waiting for turn root idle after 5s
1789757107848 timeout waiting for turn root idle after 5s
1789757112864 timeout waiting for turn root idle after 5s
1789757117879 timeout waiting for turn root idle after 5s
1789757122891 timeout waiting for turn root idle after 5s
1789757127903 timeout waiting for turn root idle after 5s
1789757132914 timeout waiting for turn root idle after 5s
1789757137926 timeout waiting for turn root idle after 5s
1789757142941 timeout waiting for turn root idle after 5s
1789757147955 timeout waiting for turn root idle after 5s
1789757152967 timeout waiting for turn root idle after 5s
1789757157978 timeout waiting for turn root idle after 5s
1789757162991 timeout waiting for turn root idle after 5s
1789757168004 timeout waiting for turn root idle after 5s
1789757173017 timeout waiting for turn root idle after 5s
1789757178030 timeout waiting for turn root idle after 5s
1789757183043 timeout waiting for turn root idle after 5s
1789757188055 timeout waiting for turn root idle after 5s
1789757193068 timeout waiting for turn root idle after 5s
1789757198081 timeout waiting for turn root idle after 5s
1789757203093 timeout waiting for turn root idle after 5s
1789757208106 timeout waiting for turn root idle after 5s
1789757213118 timeout waiting for turn root idle after 5s
1789757218131 timeout waiting for turn root idle after 5s
1789757223144 timeout waiting for turn root idle after 5s
1789757228155 timeout waiting for turn root idle after 5s
1789757233166 timeout waiting for turn root idle after 5s
1789757238178 timeout waiting for turn root idle after 5s
1789757243191 timeout waiting for turn root idle after 5s
1789757248203 timeout waiting for turn root idle after 5s
1789757253216 timeout waiting for turn root idle after 5s
1789757258229 timeout waiting for turn root idle after 5s
1789757263243 timeout waiting for turn root idle after 5s
1789757268257 timeout waiting for turn root idle after 5s
1789757273270 timeout waiting for turn root idle after 5s
1789757278282 timeout waiting for turn root idle after 5s
1789757283296 timeout waiting for turn root idle after 5s
1789757288308 timeout waiting for turn root idle after 5s
1789757293320 timeout waiting for turn root idle after 5s
1789757298332 timeout waiting for turn root idle after 5s
1789757303344 timeout waiting for turn root idle after 5s
1789757308356 timeout waiting for turn root idle after 5s
1789757313368 timeout waiting for turn root idle after 5s
1789757318380 timeout waiting for turn root idle after 5s
1789757323394 timeout waiting for turn root idle after 5s
1789757328407 timeout waiting for turn root idle after 5s
1789757333420 timeout waiting for turn root idle after 5s
1789757338434 timeout waiting for turn root idle after 5s
1789757343447 timeout waiting for turn root idle after 5s
1789757343448 BREAK turn-looping: feature goals-coordinator: the same tool (read) was called the last 6 times running at the 300 s ceiling; the turn is going round rather than getting on
1789757343464 kernel stopped with code 0
1789757343527 bugs: new 4a8d0abb3c.md
