1789757343573 kernel started pid 1135198
1789757348937 timeout waiting for turn root idle after 5s
1789757353951 timeout waiting for turn root idle after 5s
1789757358986 timeout waiting for turn root idle after 5s
1789757364020 timeout waiting for turn root idle after 5s
1789757369043 timeout waiting for turn root idle after 5s
1789757374065 timeout waiting for turn root idle after 5s
1789757379076 timeout waiting for turn root idle after 5s
1789757384089 timeout waiting for turn root idle after 5s
1789757389101 timeout waiting for turn root idle after 5s
1789757394114 timeout waiting for turn root idle after 5s
1789757399126 timeout waiting for turn root idle after 5s
1789757404137 timeout waiting for turn root idle after 5s
1789757409147 timeout waiting for turn root idle after 5s
1789757414159 timeout waiting for turn root idle after 5s
1789757419172 timeout waiting for turn root idle after 5s
1789757424184 timeout waiting for turn root idle after 5s
1789757429197 timeout waiting for turn root idle after 5s
1789757434210 timeout waiting for turn root idle after 5s
1789757439225 timeout waiting for turn root idle after 5s
1789757444237 timeout waiting for turn root idle after 5s
1789757449251 timeout waiting for turn root idle after 5s
1789757454263 timeout waiting for turn root idle after 5s
1789757459277 timeout waiting for turn root idle after 5s
1789757464289 timeout waiting for turn root idle after 5s
1789757469301 timeout waiting for turn root idle after 5s
1789757474312 timeout waiting for turn root idle after 5s
1789757479323 timeout waiting for turn root idle after 5s
1789757484335 timeout waiting for turn root idle after 5s
1789757489347 timeout waiting for turn root idle after 5s
1789757494359 timeout waiting for turn root idle after 5s
1789757499371 timeout waiting for turn root idle after 5s
1789757504382 timeout waiting for turn root idle after 5s
1789757509395 timeout waiting for turn root idle after 5s
1789757514408 timeout waiting for turn root idle after 5s
1789757519423 timeout waiting for turn root idle after 5s
1789757524435 timeout waiting for turn root idle after 5s
1789757529446 timeout waiting for turn root idle after 5s
1789757534457 timeout waiting for turn root idle after 5s
1789757539470 timeout waiting for turn root idle after 5s
1789757544482 timeout waiting for turn root idle after 5s
1789757549495 timeout waiting for turn root idle after 5s
1789757554508 timeout waiting for turn root idle after 5s
1789757559523 timeout waiting for turn root idle after 5s
1789757564562 timeout waiting for turn root idle after 5s
1789757569594 timeout waiting for turn root idle after 5s
1789757574623 timeout waiting for turn root idle after 5s
1789757579670 timeout waiting for turn root idle after 5s
1789757584686 timeout waiting for turn root idle after 5s
1789757589702 timeout waiting for turn root idle after 5s
1789757594722 timeout waiting for turn root idle after 5s
1789757599740 timeout waiting for turn root idle after 5s
1789757604759 timeout waiting for turn root idle after 5s
1789757609771 timeout waiting for turn root idle after 5s
1789757614786 timeout waiting for turn root idle after 5s
1789757619808 timeout waiting for turn root idle after 5s
1789757624824 timeout waiting for turn root idle after 5s
1789757629848 timeout waiting for turn root idle after 5s
1789757634878 timeout waiting for turn root idle after 5s
1789757639894 timeout waiting for turn root idle after 5s
1789757644906 timeout waiting for turn root idle after 5s
1789757644907 BREAK turn-looping: feature inbox-layout-live: the same tool (read) was called the last 6 times running at the 300 s ceiling; the turn is going round rather than getting on
1789757644940 kernel stopped with code 0
1789757645008 bugs: new b7fe29cd30.md
