env_stray_secrets: 4 variable(s) in this kernel's environment look like credentials and are not managed by the secrets door: CLOUD_AGENT_ALL_SECRET_NAMES, CLOUD_AGENT_INJECTED_SECRET_NAMES, CUROR_API_KEY_ENV, CURSOR_API_KEY — start the kernel from a clean environment or declare them in .arbos/secrets.toml
Walking /tmp/arbos-qa-rw-10-rewind-while-another-git-commits-in-the-same-repository-oq67jedd/place...
Found 77 text files (0 binary skipped, 0 too large, 0 errors)
Extracting trigrams...
Skipped 36 additional binary files (detected by content)
Writing index (6982 trigrams, 39 files, 0 spill segment(s))...
Index built successfully at /tmp/arbos-qa-rw-10-rewind-while-another-git-commits-in-the-same-repository-oq67jedd/home/.cache/arbos/tgrep/a64482a6bedf1a82
checkpoint root:26: working tree not saved: git add -A -- . failed: error: short read while indexing terminal-0.txt
error: terminal-0.txt: failed to insert into database
error: unable to index file 'terminal-0.txt'
fatal: updating files failed
fatal: Unable to create '/tmp/arbos-qa-rw-10-rewind-while-another-git-commits-in-the-same-repository-oq67jedd/place/.git/index.lock': File exists.

Another git process seems to be running in this repository, e.g.
an editor opened by 'git commit'. Please make sure all processes
are terminated then try again. If it still fails, a git process
may have crashed in this repository earlier:
remove the file manually to continue.
fatal: Unable to create '/tmp/arbos-qa-rw-10-rewind-while-another-git-commits-in-the-same-repository-oq67jedd/place/.git/index.lock': File exists.

Another git process seems to be running in this repository, e.g.
an editor opened by 'git commit'. Please make sure all processes
are terminated then try again. If it still fails, a git process
may have crashed in this repository earlier:
remove the file manually to continue.
