1789757691175 kernel started pid 1143067
1789757696539 timeout waiting for turn root idle after 5s
1789757701552 timeout waiting for turn root idle after 5s
1789757706564 timeout waiting for turn root idle after 5s
1789757711575 timeout waiting for turn root idle after 5s
1789757716588 timeout waiting for turn root idle after 5s
1789757721600 timeout waiting for turn root idle after 5s
1789757726612 timeout waiting for turn root idle after 5s
1789757731624 timeout waiting for turn root idle after 5s
1789757736635 timeout waiting for turn root idle after 5s
1789757741650 timeout waiting for turn root idle after 5s
1789757746664 timeout waiting for turn root idle after 5s
1789757751678 timeout waiting for turn root idle after 5s
1789757756691 timeout waiting for turn root idle after 5s
1789757761703 timeout waiting for turn root idle after 5s
1789757766714 timeout waiting for turn root idle after 5s
1789757771726 timeout waiting for turn root idle after 5s
1789757776738 timeout waiting for turn root idle after 5s
1789757781751 timeout waiting for turn root idle after 5s
1789757786763 timeout waiting for turn root idle after 5s
1789757791776 timeout waiting for turn root idle after 5s
1789757796788 timeout waiting for turn root idle after 5s
1789757801801 timeout waiting for turn root idle after 5s
1789757806813 timeout waiting for turn root idle after 5s
1789757811826 timeout waiting for turn root idle after 5s
1789757816839 timeout waiting for turn root idle after 5s
1789757821851 timeout waiting for turn root idle after 5s
1789757826863 timeout waiting for turn root idle after 5s
1789757831875 timeout waiting for turn root idle after 5s
1789757836888 timeout waiting for turn root idle after 5s
1789757841900 timeout waiting for turn root idle after 5s
1789757846911 timeout waiting for turn root idle after 5s
1789757851922 timeout waiting for turn root idle after 5s
1789757856934 timeout waiting for turn root idle after 5s
1789757861947 timeout waiting for turn root idle after 5s
1789757866959 timeout waiting for turn root idle after 5s
1789757871971 timeout waiting for turn root idle after 5s
1789757876987 timeout waiting for turn root idle after 5s
1789757881999 timeout waiting for turn root idle after 5s
1789757887011 timeout waiting for turn root idle after 5s
1789757892022 timeout waiting for turn root idle after 5s
1789757897034 timeout waiting for turn root idle after 5s
1789757902046 timeout waiting for turn root idle after 5s
1789757907058 timeout waiting for turn root idle after 5s
1789757912069 timeout waiting for turn root idle after 5s
1789757917081 timeout waiting for turn root idle after 5s
1789757922095 timeout waiting for turn root idle after 5s
1789757927107 timeout waiting for turn root idle after 5s
1789757932119 timeout waiting for turn root idle after 5s
1789757937132 timeout waiting for turn root idle after 5s
1789757942144 timeout waiting for turn root idle after 5s
1789757947156 timeout waiting for turn root idle after 5s
1789757952168 timeout waiting for turn root idle after 5s
1789757957179 timeout waiting for turn root idle after 5s
1789757962192 timeout waiting for turn root idle after 5s
1789757967204 timeout waiting for turn root idle after 5s
1789757972217 timeout waiting for turn root idle after 5s
1789757977229 timeout waiting for turn root idle after 5s
1789757982241 timeout waiting for turn root idle after 5s
1789757987254 timeout waiting for turn root idle after 5s
1789757992271 timeout waiting for turn root idle after 5s
1789757992272 BREAK turn-looping: feature machines-and-remote-spawn: the same tool (read) was called the last 6 times running at the 300 s ceiling; the turn is going round rather than getting on
1789757992287 kernel stopped with code 0
1789757992348 bugs: new e32186d4ab.md
