env_stray_secrets: 4 variable(s) in this kernel's environment look like credentials and are not managed by the secrets door: CLOUD_AGENT_ALL_SECRET_NAMES, CLOUD_AGENT_INJECTED_SECRET_NAMES, CUROR_API_KEY_ENV, CURSOR_API_KEY — start the kernel from a clean environment or declare them in .arbos/secrets.toml
Walking /tmp/arbos-qa-bench-research-links-3zqzirrt/place...
Found 28 text files (0 binary skipped, 0 too large, 0 errors)
Extracting trigrams...
Writing index (8137 trigrams, 28 files, 0 spill segment(s))...
Index built successfully at /tmp/arbos-qa-bench-research-links-3zqzirrt/home/.cache/arbos/tgrep/4e42370dd0303164
turn root: jev fell through (400 bad request: typesafe/jev-latest is not a valid model ID)
turn root: jev fell through (400 bad request: typesafe/jev-latest is not a valid model ID)
turn root: jev fell through (400 bad request: typesafe/jev-latest is not a valid model ID)
turn full-duplex-research: jev fell through (400 bad request: typesafe/jev-latest is not a valid model ID)
tools full-duplex-research: 3 calls, wall 468ms, sum 470ms, speedup 1.0x
turn full-duplex-research: jev fell through (400 bad request: typesafe/jev-latest is not a valid model ID)
turn full-duplex-research: jev fell through (400 bad request: typesafe/jev-latest is not a valid model ID)
turn root: jev fell through (400 bad request: typesafe/jev-latest is not a valid model ID)
turn root: jev fell through (400 bad request: typesafe/jev-latest is not a valid model ID)
turn root: jev fell through (400 bad request: typesafe/jev-latest is not a valid model ID)
turn full-duplex-research: jev fell through (400 bad request: typesafe/jev-latest is not a valid model ID)
turn root: jev fell through (400 bad request: typesafe/jev-latest is not a valid model ID)
turn full-duplex-research: jev fell through (400 bad request: typesafe/jev-latest is not a valid model ID)
turn full-duplex-research: jev fell through (400 bad request: typesafe/jev-latest is not a valid model ID)
turn full-duplex-research: jev fell through (400 bad request: typesafe/jev-latest is not a valid model ID)
turn full-duplex-research: jev fell through (400 bad request: typesafe/jev-latest is not a valid model ID)
turn full-duplex-research: jev fell through (400 bad request: typesafe/jev-latest is not a valid model ID)
turn full-duplex-research: jev fell through (400 bad request: typesafe/jev-latest is not a valid model ID)
turn full-duplex-research: jev fell through (400 bad request: typesafe/jev-latest is not a valid model ID)
turn full-duplex-research: jev fell through (400 bad request: typesafe/jev-latest is not a valid model ID)
turn full-duplex-research: jev fell through (400 bad request: typesafe/jev-latest is not a valid model ID)
turn full-duplex-research: jev fell through (400 bad request: typesafe/jev-latest is not a valid model ID)
turn full-duplex-research: jev fell through (400 bad request: typesafe/jev-latest is not a valid model ID)
turn full-duplex-research: jev fell through (400 bad request: typesafe/jev-latest is not a valid model ID)
turn full-duplex-research: jev fell through (400 bad request: typesafe/jev-latest is not a valid model ID)
turn full-duplex-research: jev fell through (400 bad request: typesafe/jev-latest is not a valid model ID)
turn full-duplex-research: jev fell through (400 bad request: typesafe/jev-latest is not a valid model ID)
turn full-duplex-research: jev fell through (400 bad request: typesafe/jev-latest is not a valid model ID)
turn full-duplex-research: jev fell through (400 bad request: typesafe/jev-latest is not a valid model ID)
turn full-duplex-research: jev fell through (400 bad request: typesafe/jev-latest is not a valid model ID)
turn full-duplex-research: jev fell through (400 bad request: typesafe/jev-latest is not a valid model ID)
turn full-duplex-research: jev fell through (400 bad request: typesafe/jev-latest is not a valid model ID)
turn full-duplex-research: jev fell through (400 bad request: typesafe/jev-latest is not a valid model ID)
turn full-duplex-research: jev fell through (400 bad request: typesafe/jev-latest is not a valid model ID)
turn full-duplex-research: jev fell through (400 bad request: typesafe/jev-latest is not a valid model ID)
turn full-duplex-research: jev fell through (400 bad request: typesafe/jev-latest is not a valid model ID)
turn full-duplex-research: jev fell through (400 bad request: typesafe/jev-latest is not a valid model ID)
turn full-duplex-research: jev fell through (400 bad request: typesafe/jev-latest is not a valid model ID)
turn full-duplex-research: jev fell through (400 bad request: typesafe/jev-latest is not a valid model ID)
turn full-duplex-research: jev fell through (400 bad request: typesafe/jev-latest is not a valid model ID)
turn full-duplex-research: jev fell through (400 bad request: typesafe/jev-latest is not a valid model ID)
turn full-duplex-research: jev fell through (400 bad request: typesafe/jev-latest is not a valid model ID)
turn full-duplex-research: jev fell through (400 bad request: typesafe/jev-latest is not a valid model ID)
turn full-duplex-research: jev fell through (400 bad request: typesafe/jev-latest is not a valid model ID)
turn full-duplex-research: jev fell through (400 bad request: typesafe/jev-latest is not a valid model ID)
turn full-duplex-research: jev fell through (400 bad request: typesafe/jev-latest is not a valid model ID)
turn full-duplex-research: jev fell through (400 bad request: typesafe/jev-latest is not a valid model ID)
turn full-duplex-research: jev fell through (400 bad request: typesafe/jev-latest is not a valid model ID)
turn full-duplex-research: jev fell through (400 bad request: typesafe/jev-latest is not a valid model ID)
child_archive_failed full-duplex-research: already archived
turn root: jev fell through (400 bad request: typesafe/jev-latest is not a valid model ID)
turn root: jev fell through (400 bad request: typesafe/jev-latest is not a valid model ID)
turn root: jev fell through (400 bad request: typesafe/jev-latest is not a valid model ID)
