1789738034291 kernel started pid 783171
1789738039655 timeout waiting for turn root idle after 5s
1789738044667 timeout waiting for turn root idle after 5s
1789738049679 timeout waiting for turn root idle after 5s
1789738054695 timeout waiting for turn root idle after 5s
1789738059705 timeout waiting for turn root idle after 5s
1789738064719 timeout waiting for turn root idle after 5s
1789738069730 timeout waiting for turn root idle after 5s
1789738074742 timeout waiting for turn root idle after 5s
1789738079754 timeout waiting for turn root idle after 5s
1789738084766 timeout waiting for turn root idle after 5s
1789738089778 timeout waiting for turn root idle after 5s
1789738094792 timeout waiting for turn root idle after 5s
1789738099804 timeout waiting for turn root idle after 5s
1789738104816 timeout waiting for turn root idle after 5s
1789738109829 timeout waiting for turn root idle after 5s
1789738114842 timeout waiting for turn root idle after 5s
1789738119855 timeout waiting for turn root idle after 5s
1789738124868 timeout waiting for turn root idle after 5s
1789738129881 timeout waiting for turn root idle after 5s
1789738134893 timeout waiting for turn root idle after 5s
1789738139906 timeout waiting for turn root idle after 5s
1789738144920 timeout waiting for turn root idle after 5s
1789738149934 timeout waiting for turn root idle after 5s
1789738154948 timeout waiting for turn root idle after 5s
1789738159963 timeout waiting for turn root idle after 5s
1789738164977 timeout waiting for turn root idle after 5s
1789738169991 timeout waiting for turn root idle after 5s
1789738175002 timeout waiting for turn root idle after 5s
1789738180015 timeout waiting for turn root idle after 5s
1789738185028 timeout waiting for turn root idle after 5s
1789738190041 timeout waiting for turn root idle after 5s
1789738195054 timeout waiting for turn root idle after 5s
1789738200068 timeout waiting for turn root idle after 5s
1789738205082 timeout waiting for turn root idle after 5s
1789738210095 timeout waiting for turn root idle after 5s
1789738215107 timeout waiting for turn root idle after 5s
1789738220121 timeout waiting for turn root idle after 5s
1789738225136 timeout waiting for turn root idle after 5s
1789738230149 timeout waiting for turn root idle after 5s
1789738235161 timeout waiting for turn root idle after 5s
1789738240171 timeout waiting for turn root idle after 5s
1789738245183 timeout waiting for turn root idle after 5s
1789738250196 timeout waiting for turn root idle after 5s
1789738255207 timeout waiting for turn root idle after 5s
1789738260219 timeout waiting for turn root idle after 5s
1789738265233 timeout waiting for turn root idle after 5s
1789738270247 timeout waiting for turn root idle after 5s
1789738275261 timeout waiting for turn root idle after 5s
1789738280273 timeout waiting for turn root idle after 5s
1789738285287 timeout waiting for turn root idle after 5s
1789738290299 timeout waiting for turn root idle after 5s
1789738295311 timeout waiting for turn root idle after 5s
1789738300324 timeout waiting for turn root idle after 5s
1789738305337 timeout waiting for turn root idle after 5s
1789738310349 timeout waiting for turn root idle after 5s
1789738315361 timeout waiting for turn root idle after 5s
1789738320373 timeout waiting for turn root idle after 5s
1789738325386 timeout waiting for turn root idle after 5s
1789738330400 timeout waiting for turn root idle after 5s
1789738335412 timeout waiting for turn root idle after 5s
1789738335413 BREAK turn-never-ended: feature settings-model-fields: turn never ended — still producing frames at the 300 s ceiling
1789738335445 kernel stopped with code 0
1789738335475 bugs: new 7a42d68cd2.md
