env_stray_secrets: 4 variable(s) in this kernel's environment look like credentials and are not managed by the secrets door: CLOUD_AGENT_ALL_SECRET_NAMES, CLOUD_AGENT_INJECTED_SECRET_NAMES, CUROR_API_KEY_ENV, CURSOR_API_KEY — start the kernel from a clean environment or declare them in .arbos/secrets.toml
Walking /tmp/arbos-qa-bench-fix-commit-branch-7j80qmhj/place...
Found 28 text files (0 binary skipped, 0 too large, 0 errors)
Extracting trigrams...
Writing index (8136 trigrams, 28 files, 0 spill segment(s))...
Index built successfully at /tmp/arbos-qa-bench-fix-commit-branch-7j80qmhj/home/.cache/arbos/tgrep/448a8bc6937eccff
turn root: jev fell through (400 bad request: typesafe/jev-latest is not a valid model ID)
turn root: jev fell through (400 bad request: typesafe/jev-latest is not a valid model ID)
turn fix-hello-py: jev fell through (400 bad request: typesafe/jev-latest is not a valid model ID)
tools fix-hello-py: 2 calls, wall 1ms, sum 1ms, speedup 1.0x
turn fix-hello-py: jev fell through (400 bad request: typesafe/jev-latest is not a valid model ID)
tools fix-hello-py: 2 calls, wall 273ms, sum 269ms, speedup 1.0x
turn fix-hello-py: jev fell through (400 bad request: typesafe/jev-latest is not a valid model ID)
turn fix-hello-py: jev fell through (400 bad request: typesafe/jev-latest is not a valid model ID)
tools fix-hello-py: 2 calls, wall 276ms, sum 276ms, speedup 1.0x
turn fix-hello-py: jev fell through (400 bad request: typesafe/jev-latest is not a valid model ID)
tools fix-hello-py: 2 calls, wall 1ms, sum 1ms, speedup 1.0x
turn fix-hello-py: jev fell through (400 bad request: typesafe/jev-latest is not a valid model ID)
turn fix-hello-py: jev fell through (400 bad request: typesafe/jev-latest is not a valid model ID)
turn fix-hello-py: jev fell through (400 bad request: typesafe/jev-latest is not a valid model ID)
turn fix-hello-py: jev fell through (400 bad request: typesafe/jev-latest is not a valid model ID)
turn fix-hello-py: jev fell through (400 bad request: typesafe/jev-latest is not a valid model ID)
tools fix-hello-py: 2 calls, wall 26ms, sum 20ms, speedup 0.8x
turn fix-hello-py: jev fell through (400 bad request: typesafe/jev-latest is not a valid model ID)
tools fix-hello-py: 2 calls, wall 278ms, sum 278ms, speedup 1.0x
turn fix-hello-py: jev fell through (400 bad request: typesafe/jev-latest is not a valid model ID)
tools fix-hello-py: 2 calls, wall 14ms, sum 5ms, speedup 0.4x
turn fix-hello-py: jev fell through (400 bad request: typesafe/jev-latest is not a valid model ID)
turn fix-hello-py: jev fell through (400 bad request: typesafe/jev-latest is not a valid model ID)
tools fix-hello-py: 2 calls, wall 276ms, sum 276ms, speedup 1.0x
turn fix-hello-py: jev fell through (400 bad request: typesafe/jev-latest is not a valid model ID)
tools fix-hello-py: 2 calls, wall 276ms, sum 276ms, speedup 1.0x
turn fix-hello-py: jev fell through (400 bad request: typesafe/jev-latest is not a valid model ID)
turn fix-hello-py: jev fell through (400 bad request: typesafe/jev-latest is not a valid model ID)
snapshot_failed: git add: fatal: unable to stat 'agents/fix-hello-py/jobs/j6/exit': No such file or directory
turn root: jev fell through (400 bad request: typesafe/jev-latest is not a valid model ID)
turn root: jev fell through (400 bad request: typesafe/jev-latest is not a valid model ID)
