env_stray_secrets: 4 variable(s) in this kernel's environment look like credentials and are not managed by the secrets door: CLOUD_AGENT_ALL_SECRET_NAMES, CLOUD_AGENT_INJECTED_SECRET_NAMES, CUROR_API_KEY_ENV, CURSOR_API_KEY — start the kernel from a clean environment or declare them in .arbos/secrets.toml
Walking /tmp/arbos-qa-bench-fix-commit-branch@bench-see-and-commit-nudges-_wx7ao_v/place...
Found 28 text files (0 binary skipped, 0 too large, 0 errors)
Extracting trigrams...
Writing index (8149 trigrams, 28 files, 0 spill segment(s))...
Index built successfully at /tmp/arbos-qa-bench-fix-commit-branch@bench-see-and-commit-nudges-_wx7ao_v/home/.cache/arbos/tgrep/7d19b7a49e5c4cd7
turn root: jev fell through (400 bad request: typesafe/jev-latest is not a valid model ID)
turn root: jev fell through (400 bad request: typesafe/jev-latest is not a valid model ID)
turn fix-hello-py: jev fell through (400 bad request: typesafe/jev-latest is not a valid model ID)
tools fix-hello-py: 2 calls, wall 1ms, sum 1ms, speedup 1.0x
turn fix-hello-py: jev fell through (400 bad request: typesafe/jev-latest is not a valid model ID)
tools fix-hello-py: 2 calls, wall 1ms, sum 1ms, speedup 1.0x
turn fix-hello-py: jev fell through (400 bad request: typesafe/jev-latest is not a valid model ID)
tools fix-hello-py: 2 calls, wall 1ms, sum 1ms, speedup 1.0x
turn fix-hello-py: jev fell through (400 bad request: typesafe/jev-latest is not a valid model ID)
tools fix-hello-py: 2 calls, wall 1ms, sum 1ms, speedup 1.0x
turn fix-hello-py: jev fell through (400 bad request: typesafe/jev-latest is not a valid model ID)
tools fix-hello-py: 2 calls, wall 274ms, sum 268ms, speedup 1.0x
turn fix-hello-py: jev fell through (400 bad request: typesafe/jev-latest is not a valid model ID)
tools fix-hello-py: 2 calls, wall 273ms, sum 267ms, speedup 1.0x
turn fix-hello-py: jev fell through (400 bad request: typesafe/jev-latest is not a valid model ID)
tools fix-hello-py: 2 calls, wall 26ms, sum 22ms, speedup 0.8x
turn fix-hello-py: jev fell through (400 bad request: typesafe/jev-latest is not a valid model ID)
tools fix-hello-py: 2 calls, wall 274ms, sum 269ms, speedup 1.0x
turn fix-hello-py: jev fell through (400 bad request: typesafe/jev-latest is not a valid model ID)
snapshot_failed: git add: fatal: unable to stat 'agents/fix-hello-py/jobs/j1/exit': No such file or directory
turn root: jev fell through (400 bad request: typesafe/jev-latest is not a valid model ID)
turn root: jev fell through (400 bad request: typesafe/jev-latest is not a valid model ID)
