1789884609576 kernel started pid 2303445
1789884614939 timeout waiting for turn root idle after 5s
1789884619948 timeout waiting for turn root idle after 5s
1789884624956 timeout waiting for turn root idle after 5s
1789884629965 timeout waiting for turn root idle after 5s
1789884634975 timeout waiting for turn root idle after 5s
1789884639983 timeout waiting for turn root idle after 5s
1789884644993 timeout waiting for turn root idle after 5s
1789884650003 timeout waiting for turn root idle after 5s
1789884655014 timeout waiting for turn root idle after 5s
1789884660025 timeout waiting for turn root idle after 5s
1789884665036 timeout waiting for turn root idle after 5s
1789884670046 timeout waiting for turn root idle after 5s
1789884675057 timeout waiting for turn root idle after 5s
1789884680067 timeout waiting for turn root idle after 5s
1789884685078 timeout waiting for turn root idle after 5s
1789884690088 timeout waiting for turn root idle after 5s
1789884695099 timeout waiting for turn root idle after 5s
1789884700110 timeout waiting for turn root idle after 5s
1789884705120 timeout waiting for turn root idle after 5s
1789884710130 timeout waiting for turn root idle after 5s
1789884715141 timeout waiting for turn root idle after 5s
1789884720151 timeout waiting for turn root idle after 5s
1789884725161 timeout waiting for turn root idle after 5s
1789884730172 timeout waiting for turn root idle after 5s
1789884735183 timeout waiting for turn root idle after 5s
1789884740194 timeout waiting for turn root idle after 5s
1789884745205 timeout waiting for turn root idle after 5s
1789884750216 timeout waiting for turn root idle after 5s
1789884755226 timeout waiting for turn root idle after 5s
1789884760237 timeout waiting for turn root idle after 5s
1789884765248 timeout waiting for turn root idle after 5s
1789884770258 timeout waiting for turn root idle after 5s
1789884775269 timeout waiting for turn root idle after 5s
1789884780280 timeout waiting for turn root idle after 5s
1789884785291 timeout waiting for turn root idle after 5s
1789884790302 timeout waiting for turn root idle after 5s
1789884795312 timeout waiting for turn root idle after 5s
1789884800323 timeout waiting for turn root idle after 5s
1789884805334 timeout waiting for turn root idle after 5s
1789884810345 timeout waiting for turn root idle after 5s
1789884815355 timeout waiting for turn root idle after 5s
1789884820366 timeout waiting for turn root idle after 5s
1789884825377 timeout waiting for turn root idle after 5s
1789884830388 timeout waiting for turn root idle after 5s
1789884835398 timeout waiting for turn root idle after 5s
1789884840408 timeout waiting for turn root idle after 5s
1789884845419 timeout waiting for turn root idle after 5s
1789884850431 timeout waiting for turn root idle after 5s
1789884855441 timeout waiting for turn root idle after 5s
1789884860452 timeout waiting for turn root idle after 5s
1789884865463 timeout waiting for turn root idle after 5s
1789884870473 timeout waiting for turn root idle after 5s
1789884875484 timeout waiting for turn root idle after 5s
1789884880494 timeout waiting for turn root idle after 5s
1789884885505 timeout waiting for turn root idle after 5s
1789884890515 timeout waiting for turn root idle after 5s
1789884895526 timeout waiting for turn root idle after 5s
1789884900537 timeout waiting for turn root idle after 5s
1789884905547 timeout waiting for turn root idle after 5s
1789884910558 timeout waiting for turn root idle after 5s
1789884910559 BREAK turn-looping: feature headless-kernel-run: the same tool (bash) was called the last 6 times running at the 300 s ceiling; the turn is going round rather than getting on
1789884910592 kernel stopped with code 0
1789884910644 bugs: seen 07e544df51.md
