env_stray_secrets: 4 variable(s) in this kernel's environment look like credentials and are not managed by the secrets door: CLOUD_AGENT_ALL_SECRET_NAMES, CLOUD_AGENT_INJECTED_SECRET_NAMES, CUROR_API_KEY_ENV, CURSOR_API_KEY — start the kernel from a clean environment or declare them in .arbos/secrets.toml
Walking /tmp/arbos-qa-bench-research-links-zzjogy5h/place...
Found 28 text files (0 binary skipped, 0 too large, 0 errors)
Extracting trigrams...
Writing index (8137 trigrams, 28 files, 0 spill segment(s))...
Index built successfully at /tmp/arbos-qa-bench-research-links-zzjogy5h/home/.cache/arbos/tgrep/2d2c005bf79bc52f
turn root: jev fell through (400 bad request: ~typesafe/jev-latest is a decisions model and cannot be used with the chat/completions endpoint. Use the /api/alpha/decisions endpoint instead.)
tools root: 2 calls, wall 5ms, sum 3ms, speedup 0.6x
turn root: jev fell through (400 bad request: ~typesafe/jev-latest is a decisions model and cannot be used with the chat/completions endpoint. Use the /api/alpha/decisions endpoint instead.)
turn research-full-duplex-for-voice: jev fell through (400 bad request: ~typesafe/jev-latest is a decisions model and cannot be used with the chat/completions endpoint. Use the /api/alpha/decisions endpoint instead.)
turn research-full-duplex-for-voice: jev fell through (400 bad request: ~typesafe/jev-latest is a decisions model and cannot be used with the chat/completions endpoint. Use the /api/alpha/decisions endpoint instead.)
turn research-full-duplex-for-voice: jev fell through (400 bad request: ~typesafe/jev-latest is a decisions model and cannot be used with the chat/completions endpoint. Use the /api/alpha/decisions endpoint instead.)
turn research-full-duplex-for-voice: jev fell through (400 bad request: ~typesafe/jev-latest is a decisions model and cannot be used with the chat/completions endpoint. Use the /api/alpha/decisions endpoint instead.)
turn research-full-duplex-for-voice: jev fell through (400 bad request: ~typesafe/jev-latest is a decisions model and cannot be used with the chat/completions endpoint. Use the /api/alpha/decisions endpoint instead.)
turn research-full-duplex-for-voice: jev fell through (400 bad request: ~typesafe/jev-latest is a decisions model and cannot be used with the chat/completions endpoint. Use the /api/alpha/decisions endpoint instead.)
turn research-full-duplex-for-voice: jev fell through (400 bad request: ~typesafe/jev-latest is a decisions model and cannot be used with the chat/completions endpoint. Use the /api/alpha/decisions endpoint instead.)
turn research-full-duplex-for-voice: jev fell through (400 bad request: ~typesafe/jev-latest is a decisions model and cannot be used with the chat/completions endpoint. Use the /api/alpha/decisions endpoint instead.)
turn research-full-duplex-for-voice: jev fell through (400 bad request: ~typesafe/jev-latest is a decisions model and cannot be used with the chat/completions endpoint. Use the /api/alpha/decisions endpoint instead.)
turn root: jev fell through (400 bad request: ~typesafe/jev-latest is a decisions model and cannot be used with the chat/completions endpoint. Use the /api/alpha/decisions endpoint instead.)
turn root: jev fell through (400 bad request: ~typesafe/jev-latest is a decisions model and cannot be used with the chat/completions endpoint. Use the /api/alpha/decisions endpoint instead.)
