1789755756438 kernel started pid 1095330
1789755761818 timeout waiting for turn root idle after 5s
1789755766847 timeout waiting for turn root idle after 5s
1789755771865 timeout waiting for turn root idle after 5s
1789755776878 timeout waiting for turn root idle after 5s
1789755781903 timeout waiting for turn root idle after 5s
1789755786927 timeout waiting for turn root idle after 5s
1789755791939 timeout waiting for turn root idle after 5s
1789755796956 timeout waiting for turn root idle after 5s
1789755801970 timeout waiting for turn root idle after 5s
1789755806997 timeout waiting for turn root idle after 5s
1789755812033 timeout waiting for turn root idle after 5s
1789755817062 timeout waiting for turn root idle after 5s
1789755822074 timeout waiting for turn root idle after 5s
1789755827105 timeout waiting for turn root idle after 5s
1789755832140 timeout waiting for turn root idle after 5s
1789755837183 timeout waiting for turn root idle after 5s
1789755842215 timeout waiting for turn root idle after 5s
1789755847245 timeout waiting for turn root idle after 5s
1789755852273 timeout waiting for turn root idle after 5s
1789755857306 timeout waiting for turn root idle after 5s
1789755862349 timeout waiting for turn root idle after 5s
1789755867387 timeout waiting for turn root idle after 5s
1789755872422 timeout waiting for turn root idle after 5s
1789755877451 timeout waiting for turn root idle after 5s
1789755882476 timeout waiting for turn root idle after 5s
1789755887506 timeout waiting for turn root idle after 5s
1789755892545 timeout waiting for turn root idle after 5s
1789755897572 timeout waiting for turn root idle after 5s
1789755902606 timeout waiting for turn root idle after 5s
1789755907642 timeout waiting for turn root idle after 5s
1789755912663 timeout waiting for turn root idle after 5s
1789755917697 timeout waiting for turn root idle after 5s
1789755922718 timeout waiting for turn root idle after 5s
1789755927738 timeout waiting for turn root idle after 5s
1789755932770 timeout waiting for turn root idle after 5s
1789755937795 timeout waiting for turn root idle after 5s
1789755942817 timeout waiting for turn root idle after 5s
1789755947856 timeout waiting for turn root idle after 5s
1789755952892 timeout waiting for turn root idle after 5s
1789755957918 timeout waiting for turn root idle after 5s
1789755962941 timeout waiting for turn root idle after 5s
1789755967961 timeout waiting for turn root idle after 5s
1789755973002 timeout waiting for turn root idle after 5s
1789755978019 timeout waiting for turn root idle after 5s
1789755983068 timeout waiting for turn root idle after 5s
1789755988089 timeout waiting for turn root idle after 5s
1789755993120 timeout waiting for turn root idle after 5s
1789755998153 timeout waiting for turn root idle after 5s
1789756003182 timeout waiting for turn root idle after 5s
1789756008214 timeout waiting for turn root idle after 5s
1789756013240 timeout waiting for turn root idle after 5s
1789756018268 timeout waiting for turn root idle after 5s
1789756023285 timeout waiting for turn root idle after 5s
1789756028299 timeout waiting for turn root idle after 5s
1789756033325 timeout waiting for turn root idle after 5s
1789756038357 timeout waiting for turn root idle after 5s
1789756043379 timeout waiting for turn root idle after 5s
1789756048397 timeout waiting for turn root idle after 5s
1789756053427 timeout waiting for turn root idle after 5s
1789756058452 timeout waiting for turn root idle after 5s
1789756058453 BREAK turn-looping: feature headless-kernel-run: the same tool (bash) was called the last 6 times running at the 300 s ceiling; the turn is going round rather than getting on
1789756058468 kernel stopped with code 0
1789756058728 bugs: new 07e544df51.md
