1789758442303 kernel started pid 1151269
1789758447667 timeout waiting for turn root idle after 5s
1789758452678 timeout waiting for turn root idle after 5s
1789758457689 timeout waiting for turn root idle after 5s
1789758462700 timeout waiting for turn root idle after 5s
1789758467711 timeout waiting for turn root idle after 5s
1789758472722 timeout waiting for turn root idle after 5s
1789758477732 timeout waiting for turn root idle after 5s
1789758482745 timeout waiting for turn root idle after 5s
1789758487756 timeout waiting for turn root idle after 5s
1789758492768 timeout waiting for turn root idle after 5s
1789758497779 timeout waiting for turn root idle after 5s
1789758502791 timeout waiting for turn root idle after 5s
1789758507803 timeout waiting for turn root idle after 5s
1789758512815 timeout waiting for turn root idle after 5s
1789758517825 timeout waiting for turn root idle after 5s
1789758522836 timeout waiting for turn root idle after 5s
1789758527847 timeout waiting for turn root idle after 5s
1789758532858 timeout waiting for turn root idle after 5s
1789758537869 timeout waiting for turn root idle after 5s
1789758542879 timeout waiting for turn root idle after 5s
1789758547889 timeout waiting for turn root idle after 5s
1789758552900 timeout waiting for turn root idle after 5s
1789758557912 timeout waiting for turn root idle after 5s
1789758562923 timeout waiting for turn root idle after 5s
1789758567935 timeout waiting for turn root idle after 5s
1789758572947 timeout waiting for turn root idle after 5s
1789758577959 timeout waiting for turn root idle after 5s
1789758582970 timeout waiting for turn root idle after 5s
1789758587982 timeout waiting for turn root idle after 5s
1789758592994 timeout waiting for turn root idle after 5s
1789758598006 timeout waiting for turn root idle after 5s
1789758603019 timeout waiting for turn root idle after 5s
1789758608029 timeout waiting for turn root idle after 5s
1789758613041 timeout waiting for turn root idle after 5s
1789758618051 timeout waiting for turn root idle after 5s
1789758623062 timeout waiting for turn root idle after 5s
1789758628073 timeout waiting for turn root idle after 5s
1789758633085 timeout waiting for turn root idle after 5s
1789758638097 timeout waiting for turn root idle after 5s
1789758643109 timeout waiting for turn root idle after 5s
1789758648120 timeout waiting for turn root idle after 5s
1789758653132 timeout waiting for turn root idle after 5s
1789758658143 timeout waiting for turn root idle after 5s
1789758663155 timeout waiting for turn root idle after 5s
1789758668167 timeout waiting for turn root idle after 5s
1789758673177 timeout waiting for turn root idle after 5s
1789758678189 timeout waiting for turn root idle after 5s
1789758683201 timeout waiting for turn root idle after 5s
1789758688212 timeout waiting for turn root idle after 5s
1789758693224 timeout waiting for turn root idle after 5s
1789758698235 timeout waiting for turn root idle after 5s
1789758703247 timeout waiting for turn root idle after 5s
1789758708257 timeout waiting for turn root idle after 5s
1789758713268 timeout waiting for turn root idle after 5s
1789758718278 timeout waiting for turn root idle after 5s
1789758723290 timeout waiting for turn root idle after 5s
1789758728302 timeout waiting for turn root idle after 5s
1789758733314 timeout waiting for turn root idle after 5s
1789758738325 timeout waiting for turn root idle after 5s
1789758743337 timeout waiting for turn root idle after 5s
1789758743338 BREAK turn-looping: feature skills-slash: the same tool (status) was called the last 6 times running at the 300 s ceiling; the turn is going round rather than getting on
1789758743354 kernel stopped with code 0
1789758743430 bugs: new 44a1827beb.md
