1789833444243 kernel started pid 1772600
1789833449605 timeout waiting for turn root idle after 5s
1789833454616 timeout waiting for turn root idle after 5s
1789833459628 timeout waiting for turn root idle after 5s
1789833464638 timeout waiting for turn root idle after 5s
1789833469649 timeout waiting for turn root idle after 5s
1789833474659 timeout waiting for turn root idle after 5s
1789833479670 timeout waiting for turn root idle after 5s
1789833484681 timeout waiting for turn root idle after 5s
1789833489692 timeout waiting for turn root idle after 5s
1789833494704 timeout waiting for turn root idle after 5s
1789833499715 timeout waiting for turn root idle after 5s
1789833504726 timeout waiting for turn root idle after 5s
1789833509737 timeout waiting for turn root idle after 5s
1789833514749 timeout waiting for turn root idle after 5s
1789833519760 timeout waiting for turn root idle after 5s
1789833524772 timeout waiting for turn root idle after 5s
1789833529784 timeout waiting for turn root idle after 5s
1789833534793 timeout waiting for turn root idle after 5s
1789833539802 timeout waiting for turn root idle after 5s
1789833544812 timeout waiting for turn root idle after 5s
1789833549824 timeout waiting for turn root idle after 5s
1789833554836 timeout waiting for turn root idle after 5s
1789833559847 timeout waiting for turn root idle after 5s
1789833564858 timeout waiting for turn root idle after 5s
1789833569870 timeout waiting for turn root idle after 5s
1789833574881 timeout waiting for turn root idle after 5s
1789833579892 timeout waiting for turn root idle after 5s
1789833584902 timeout waiting for turn root idle after 5s
1789833589913 timeout waiting for turn root idle after 5s
1789833594925 timeout waiting for turn root idle after 5s
1789833599936 timeout waiting for turn root idle after 5s
1789833604948 timeout waiting for turn root idle after 5s
1789833609960 timeout waiting for turn root idle after 5s
1789833614971 timeout waiting for turn root idle after 5s
1789833619982 timeout waiting for turn root idle after 5s
1789833624993 timeout waiting for turn root idle after 5s
1789833630005 timeout waiting for turn root idle after 5s
1789833635016 timeout waiting for turn root idle after 5s
1789833640027 timeout waiting for turn root idle after 5s
1789833645038 timeout waiting for turn root idle after 5s
1789833650050 timeout waiting for turn root idle after 5s
1789833655061 timeout waiting for turn root idle after 5s
1789833660073 timeout waiting for turn root idle after 5s
1789833665085 timeout waiting for turn root idle after 5s
1789833670096 timeout waiting for turn root idle after 5s
1789833675108 timeout waiting for turn root idle after 5s
1789833680119 timeout waiting for turn root idle after 5s
1789833685131 timeout waiting for turn root idle after 5s
1789833690141 timeout waiting for turn root idle after 5s
1789833695152 timeout waiting for turn root idle after 5s
1789833700164 timeout waiting for turn root idle after 5s
1789833705175 timeout waiting for turn root idle after 5s
1789833710187 timeout waiting for turn root idle after 5s
1789833715198 timeout waiting for turn root idle after 5s
1789833720209 timeout waiting for turn root idle after 5s
1789833725221 timeout waiting for turn root idle after 5s
1789833730232 timeout waiting for turn root idle after 5s
1789833735243 timeout waiting for turn root idle after 5s
1789833740254 timeout waiting for turn root idle after 5s
1789833745264 timeout waiting for turn root idle after 5s
1789833745264 BREAK turn-looping: feature attach-bind-token: the same tool (await) was called the last 6 times running at the 300 s ceiling; the turn is going round rather than getting on
1789833745296 kernel stopped with code 0
1789833745345 bugs: new 6e9ce33ec3.md
