1789735725027 kernel started pid 742904
1789735730392 timeout waiting for turn root idle after 5s
1789735735405 timeout waiting for turn root idle after 5s
1789735740417 timeout waiting for turn root idle after 5s
1789735745429 timeout waiting for turn root idle after 5s
1789735750440 timeout waiting for turn root idle after 5s
1789735755448 timeout waiting for turn root idle after 5s
1789735760459 timeout waiting for turn root idle after 5s
1789735765472 timeout waiting for turn root idle after 5s
1789735770486 timeout waiting for turn root idle after 5s
1789735775497 timeout waiting for turn root idle after 5s
1789735780509 timeout waiting for turn root idle after 5s
1789735785519 timeout waiting for turn root idle after 5s
1789735790529 timeout waiting for turn root idle after 5s
1789735795540 timeout waiting for turn root idle after 5s
1789735800550 timeout waiting for turn root idle after 5s
1789735805560 timeout waiting for turn root idle after 5s
1789735810571 timeout waiting for turn root idle after 5s
1789735815582 timeout waiting for turn root idle after 5s
1789735820594 timeout waiting for turn root idle after 5s
1789735825606 timeout waiting for turn root idle after 5s
1789735830619 timeout waiting for turn root idle after 5s
1789735835632 timeout waiting for turn root idle after 5s
1789735840644 timeout waiting for turn root idle after 5s
1789735845656 timeout waiting for turn root idle after 5s
1789735850667 timeout waiting for turn root idle after 5s
1789735855679 timeout waiting for turn root idle after 5s
1789735860691 timeout waiting for turn root idle after 5s
1789735865703 timeout waiting for turn root idle after 5s
1789735870715 timeout waiting for turn root idle after 5s
1789735875727 timeout waiting for turn root idle after 5s
1789735880739 timeout waiting for turn root idle after 5s
1789735885751 timeout waiting for turn root idle after 5s
1789735890764 timeout waiting for turn root idle after 5s
1789735895776 timeout waiting for turn root idle after 5s
1789735900788 timeout waiting for turn root idle after 5s
1789735905799 timeout waiting for turn root idle after 5s
1789735910811 timeout waiting for turn root idle after 5s
1789735915823 timeout waiting for turn root idle after 5s
1789735920835 timeout waiting for turn root idle after 5s
1789735925849 timeout waiting for turn root idle after 5s
1789735930860 timeout waiting for turn root idle after 5s
1789735935872 timeout waiting for turn root idle after 5s
1789735940885 timeout waiting for turn root idle after 5s
1789735945897 timeout waiting for turn root idle after 5s
1789735950909 timeout waiting for turn root idle after 5s
1789735955921 timeout waiting for turn root idle after 5s
1789735960935 timeout waiting for turn root idle after 5s
1789735965946 timeout waiting for turn root idle after 5s
1789735970958 timeout waiting for turn root idle after 5s
1789735975971 timeout waiting for turn root idle after 5s
1789735980983 timeout waiting for turn root idle after 5s
1789735985996 timeout waiting for turn root idle after 5s
1789735991007 timeout waiting for turn root idle after 5s
1789735996020 timeout waiting for turn root idle after 5s
1789736001033 timeout waiting for turn root idle after 5s
1789736006044 timeout waiting for turn root idle after 5s
1789736011056 timeout waiting for turn root idle after 5s
1789736016067 timeout waiting for turn root idle after 5s
1789736021079 timeout waiting for turn root idle after 5s
1789736026093 timeout waiting for turn root idle after 5s
1789736026093 BREAK turn-never-ended: feature headless-kernel-run: turn never ended — still producing frames at the 300 s ceiling
1789736026109 kernel stopped with code 0
1789736026137 bugs: seen a9c379c383.md
