env_stray_secrets: 4 variable(s) in this kernel's environment look like credentials and are not managed by the secrets door: CLOUD_AGENT_ALL_SECRET_NAMES, CLOUD_AGENT_INJECTED_SECRET_NAMES, CUROR_API_KEY_ENV, CURSOR_API_KEY — start the kernel from a clean environment or declare them in .arbos/secrets.toml
Walking /tmp/arbos-qa-spawn-storm-5qgx1tl3/place...
Found 28 text files (0 binary skipped, 0 too large, 0 errors)
Extracting trigrams...
Writing index (8136 trigrams, 28 files, 0 spill segment(s))...
Index built successfully at /tmp/arbos-qa-spawn-storm-5qgx1tl3/home/.cache/arbos/tgrep/c5379686dcdc1ddd
turn root: jev fell through (400 bad request: typesafe/jev-latest is not a valid model ID)
tools root: 10 calls, wall 57ms, sum 137ms, speedup 2.4x
turn worker-1: jev fell through (400 bad request: typesafe/jev-latest is not a valid model ID)
turn worker-2: jev fell through (400 bad request: typesafe/jev-latest is not a valid model ID)
turn worker-0: jev fell through (400 bad request: typesafe/jev-latest is not a valid model ID)
turn worker-4: jev fell through (400 bad request: typesafe/jev-latest is not a valid model ID)
turn worker-3: jev fell through (400 bad request: typesafe/jev-latest is not a valid model ID)
turn worker-5: jev fell through (400 bad request: typesafe/jev-latest is not a valid model ID)
turn worker-7: jev fell through (400 bad request: typesafe/jev-latest is not a valid model ID)
turn worker-8: jev fell through (400 bad request: typesafe/jev-latest is not a valid model ID)
turn root: jev fell through (400 bad request: typesafe/jev-latest is not a valid model ID)
turn worker-9: jev fell through (400 bad request: typesafe/jev-latest is not a valid model ID)
turn worker-8: jev fell through (400 bad request: typesafe/jev-latest is not a valid model ID)
turn worker-9: jev fell through (400 bad request: typesafe/jev-latest is not a valid model ID)
turn worker-1: jev fell through (400 bad request: typesafe/jev-latest is not a valid model ID)
turn worker-6: jev fell through (400 bad request: typesafe/jev-latest is not a valid model ID)
turn worker-4: jev fell through (400 bad request: typesafe/jev-latest is not a valid model ID)
turn worker-2: jev fell through (400 bad request: typesafe/jev-latest is not a valid model ID)
turn worker-0: jev fell through (400 bad request: typesafe/jev-latest is not a valid model ID)
turn worker-3: jev fell through (400 bad request: typesafe/jev-latest is not a valid model ID)
turn worker-7: jev fell through (400 bad request: typesafe/jev-latest is not a valid model ID)
turn worker-5: jev fell through (400 bad request: typesafe/jev-latest is not a valid model ID)
turn worker-4: jev fell through (400 bad request: typesafe/jev-latest is not a valid model ID)
turn worker-0: jev fell through (400 bad request: typesafe/jev-latest is not a valid model ID)
turn worker-9: jev fell through (400 bad request: typesafe/jev-latest is not a valid model ID)
turn worker-8: jev fell through (400 bad request: typesafe/jev-latest is not a valid model ID)
turn worker-6: jev fell through (400 bad request: typesafe/jev-latest is not a valid model ID)
turn worker-2: jev fell through (400 bad request: typesafe/jev-latest is not a valid model ID)
turn worker-1: jev fell through (400 bad request: typesafe/jev-latest is not a valid model ID)
turn worker-3: jev fell through (400 bad request: typesafe/jev-latest is not a valid model ID)
turn worker-7: jev fell through (400 bad request: typesafe/jev-latest is not a valid model ID)
turn worker-5: jev fell through (400 bad request: typesafe/jev-latest is not a valid model ID)
turn worker-6: jev fell through (400 bad request: typesafe/jev-latest is not a valid model ID)
turn worker-8: jev fell through (400 bad request: typesafe/jev-latest is not a valid model ID)
turn worker-4: jev fell through (400 bad request: typesafe/jev-latest is not a valid model ID)
turn worker-2: jev fell through (400 bad request: typesafe/jev-latest is not a valid model ID)
turn worker-0: jev fell through (400 bad request: typesafe/jev-latest is not a valid model ID)
turn worker-9: jev fell through (400 bad request: typesafe/jev-latest is not a valid model ID)
turn worker-3: jev fell through (400 bad request: typesafe/jev-latest is not a valid model ID)
turn worker-1: jev fell through (400 bad request: typesafe/jev-latest is not a valid model ID)
turn worker-7: jev fell through (400 bad request: typesafe/jev-latest is not a valid model ID)
turn worker-9: jev fell through (400 bad request: typesafe/jev-latest is not a valid model ID)
turn worker-6: jev fell through (400 bad request: typesafe/jev-latest is not a valid model ID)
turn worker-2: jev fell through (400 bad request: typesafe/jev-latest is not a valid model ID)
turn worker-4: jev fell through (400 bad request: typesafe/jev-latest is not a valid model ID)
turn worker-0: jev fell through (400 bad request: typesafe/jev-latest is not a valid model ID)
turn worker-3: jev fell through (400 bad request: typesafe/jev-latest is not a valid model ID)
turn worker-5: jev fell through (400 bad request: typesafe/jev-latest is not a valid model ID)
turn worker-1: jev fell through (400 bad request: typesafe/jev-latest is not a valid model ID)
turn worker-7: jev fell through (400 bad request: typesafe/jev-latest is not a valid model ID)
turn worker-9: jev fell through (400 bad request: typesafe/jev-latest is not a valid model ID)
turn worker-2: jev fell through (400 bad request: typesafe/jev-latest is not a valid model ID)
turn worker-4: jev fell through (400 bad request: typesafe/jev-latest is not a valid model ID)
turn worker-0: jev fell through (400 bad request: typesafe/jev-latest is not a valid model ID)
turn worker-6: jev fell through (400 bad request: typesafe/jev-latest is not a valid model ID)
turn worker-1: jev fell through (400 bad request: typesafe/jev-latest is not a valid model ID)
turn worker-5: jev fell through (400 bad request: typesafe/jev-latest is not a valid model ID)
turn worker-8: jev fell through (400 bad request: typesafe/jev-latest is not a valid model ID)
turn worker-3: jev fell through (400 bad request: typesafe/jev-latest is not a valid model ID)
turn worker-9: jev fell through (400 bad request: typesafe/jev-latest is not a valid model ID)
turn worker-7: jev fell through (400 bad request: typesafe/jev-latest is not a valid model ID)
turn worker-4: jev fell through (400 bad request: typesafe/jev-latest is not a valid model ID)
turn root: jev fell through (400 bad request: typesafe/jev-latest is not a valid model ID)
turn worker-5: jev fell through (400 bad request: typesafe/jev-latest is not a valid model ID)
turn worker-8: jev fell through (400 bad request: typesafe/jev-latest is not a valid model ID)
turn worker-3: jev fell through (400 bad request: typesafe/jev-latest is not a valid model ID)
turn worker-0: jev fell through (400 bad request: typesafe/jev-latest is not a valid model ID)
turn worker-2: jev fell through (400 bad request: typesafe/jev-latest is not a valid model ID)
turn worker-7: jev fell through (400 bad request: typesafe/jev-latest is not a valid model ID)
turn root: jev fell through (400 bad request: typesafe/jev-latest is not a valid model ID)
turn worker-8: jev fell through (400 bad request: typesafe/jev-latest is not a valid model ID)
turn worker-0: jev fell through (400 bad request: typesafe/jev-latest is not a valid model ID)
turn worker-3: jev fell through (400 bad request: typesafe/jev-latest is not a valid model ID)
turn worker-5: jev fell through (400 bad request: typesafe/jev-latest is not a valid model ID)
turn worker-7: jev fell through (400 bad request: typesafe/jev-latest is not a valid model ID)
turn worker-8: jev fell through (400 bad request: typesafe/jev-latest is not a valid model ID)
turn worker-0: jev fell through (400 bad request: typesafe/jev-latest is not a valid model ID)
turn worker-3: jev fell through (400 bad request: typesafe/jev-latest is not a valid model ID)
tools root: 2 calls, wall 1ms, sum 0ms, speedup 0.0x
turn root: jev fell through (400 bad request: typesafe/jev-latest is not a valid model ID)
turn worker-7: jev fell through (400 bad request: typesafe/jev-latest is not a valid model ID)
turn worker-8: jev fell through (400 bad request: typesafe/jev-latest is not a valid model ID)
turn worker-1: jev fell through (400 bad request: typesafe/jev-latest is not a valid model ID)
tools root: 2 calls, wall 1ms, sum 1ms, speedup 1.0x
turn root: jev fell through (400 bad request: typesafe/jev-latest is not a valid model ID)
turn worker-7: jev fell through (400 bad request: typesafe/jev-latest is not a valid model ID)
turn worker-7: jev fell through (400 bad request: typesafe/jev-latest is not a valid model ID)
tools root: 2 calls, wall 2ms, sum 2ms, speedup 1.0x
turn root: jev fell through (400 bad request: typesafe/jev-latest is not a valid model ID)
tools root: 2 calls, wall 1ms, sum 1ms, speedup 1.0x
turn root: jev fell through (400 bad request: typesafe/jev-latest is not a valid model ID)
tools root: 2 calls, wall 267ms, sum 267ms, speedup 1.0x
turn root: jev fell through (400 bad request: typesafe/jev-latest is not a valid model ID)
