env_stray_secrets: 4 variable(s) in this kernel's environment look like credentials and are not managed by the secrets door: CLOUD_AGENT_ALL_SECRET_NAMES, CLOUD_AGENT_INJECTED_SECRET_NAMES, CUROR_API_KEY_ENV, CURSOR_API_KEY — start the kernel from a clean environment or declare them in .arbos/secrets.toml
Walking /tmp/arbos-qa-bench-screenshot-qngvatge/place...
Found 28 text files (0 binary skipped, 0 too large, 0 errors)
Extracting trigrams...
Writing index (8133 trigrams, 28 files, 0 spill segment(s))...
Index built successfully at /tmp/arbos-qa-bench-screenshot-qngvatge/home/.cache/arbos/tgrep/634ceb64035b6209
turn root: jev fell through (400 bad request: typesafe/jev-latest is not a valid model ID)
tools root: 3 calls, wall 517ms, sum 511ms, speedup 1.0x
turn root: jev fell through (400 bad request: typesafe/jev-latest is not a valid model ID)
turn setup-web-server-and-screenshot: jev fell through (400 bad request: typesafe/jev-latest is not a valid model ID)
turn setup-web-server-and-screenshot: jev fell through (400 bad request: typesafe/jev-latest is not a valid model ID)
turn setup-web-server-and-screenshot: jev fell through (400 bad request: typesafe/jev-latest is not a valid model ID)
turn setup-web-server-and-screenshot: jev fell through (400 bad request: typesafe/jev-latest is not a valid model ID)
turn setup-web-server-and-screenshot: jev fell through (400 bad request: typesafe/jev-latest is not a valid model ID)
turn setup-web-server-and-screenshot: jev fell through (400 bad request: typesafe/jev-latest is not a valid model ID)
turn setup-web-server-and-screenshot: jev fell through (400 bad request: typesafe/jev-latest is not a valid model ID)
turn setup-web-server-and-screenshot: jev fell through (400 bad request: typesafe/jev-latest is not a valid model ID)
turn setup-web-server-and-screenshot: jev fell through (400 bad request: typesafe/jev-latest is not a valid model ID)
turn setup-web-server-and-screenshot: jev fell through (400 bad request: typesafe/jev-latest is not a valid model ID)
turn setup-web-server-and-screenshot: jev fell through (400 bad request: typesafe/jev-latest is not a valid model ID)
turn root: jev fell through (400 bad request: typesafe/jev-latest is not a valid model ID)
tools root: 2 calls, wall 1ms, sum 1ms, speedup 1.0x
turn root: jev fell through (400 bad request: typesafe/jev-latest is not a valid model ID)
