1789759559216 kernel started pid 1164302
1789759564578 timeout waiting for turn root idle after 5s
1789759569591 timeout waiting for turn root idle after 5s
1789759574602 timeout waiting for turn root idle after 5s
1789759579613 timeout waiting for turn root idle after 5s
1789759584623 timeout waiting for turn root idle after 5s
1789759589633 timeout waiting for turn root idle after 5s
1789759594645 timeout waiting for turn root idle after 5s
1789759599656 timeout waiting for turn root idle after 5s
1789759604668 timeout waiting for turn root idle after 5s
1789759609679 timeout waiting for turn root idle after 5s
1789759614691 timeout waiting for turn root idle after 5s
1789759619703 timeout waiting for turn root idle after 5s
1789759624715 timeout waiting for turn root idle after 5s
1789759629726 timeout waiting for turn root idle after 5s
1789759634739 timeout waiting for turn root idle after 5s
1789759639753 timeout waiting for turn root idle after 5s
1789759644764 timeout waiting for turn root idle after 5s
1789759649778 timeout waiting for turn root idle after 5s
1789759654793 timeout waiting for turn root idle after 5s
1789759659806 timeout waiting for turn root idle after 5s
1789759664819 timeout waiting for turn root idle after 5s
1789759669830 timeout waiting for turn root idle after 5s
1789759674842 timeout waiting for turn root idle after 5s
1789759679855 timeout waiting for turn root idle after 5s
1789759684866 timeout waiting for turn root idle after 5s
1789759689877 timeout waiting for turn root idle after 5s
1789759694888 timeout waiting for turn root idle after 5s
1789759699899 timeout waiting for turn root idle after 5s
1789759704911 timeout waiting for turn root idle after 5s
1789759709923 timeout waiting for turn root idle after 5s
1789759714935 timeout waiting for turn root idle after 5s
1789759719947 timeout waiting for turn root idle after 5s
1789759724959 timeout waiting for turn root idle after 5s
1789759729971 timeout waiting for turn root idle after 5s
1789759734985 timeout waiting for turn root idle after 5s
1789759739998 timeout waiting for turn root idle after 5s
1789759745010 timeout waiting for turn root idle after 5s
1789759750022 timeout waiting for turn root idle after 5s
1789759755033 timeout waiting for turn root idle after 5s
1789759760046 timeout waiting for turn root idle after 5s
1789759765057 timeout waiting for turn root idle after 5s
1789759770069 timeout waiting for turn root idle after 5s
1789759775080 timeout waiting for turn root idle after 5s
1789759780092 timeout waiting for turn root idle after 5s
1789759785103 timeout waiting for turn root idle after 5s
1789759790114 timeout waiting for turn root idle after 5s
1789759795127 timeout waiting for turn root idle after 5s
1789759800140 timeout waiting for turn root idle after 5s
1789759805152 timeout waiting for turn root idle after 5s
1789759810164 timeout waiting for turn root idle after 5s
1789759815175 timeout waiting for turn root idle after 5s
1789759820188 timeout waiting for turn root idle after 5s
1789759825200 timeout waiting for turn root idle after 5s
1789759830212 timeout waiting for turn root idle after 5s
1789759835225 timeout waiting for turn root idle after 5s
1789759840238 timeout waiting for turn root idle after 5s
1789759845250 timeout waiting for turn root idle after 5s
1789759850262 timeout waiting for turn root idle after 5s
1789759855274 timeout waiting for turn root idle after 5s
1789759860287 timeout waiting for turn root idle after 5s
1789759860288 BREAK turn-looping: feature child-model: the same tool (read) was called the last 6 times running at the 300 s ceiling; the turn is going round rather than getting on
1789759860319 kernel stopped with code 0
1789759860385 bugs: new 4a3e50a964.md
