1789728005412 kernel started pid 634444
1789728010777 timeout waiting for turn root idle after 5s
1789728015790 timeout waiting for turn root idle after 5s
1789728020803 timeout waiting for turn root idle after 5s
1789728025816 timeout waiting for turn root idle after 5s
1789728030830 timeout waiting for turn root idle after 5s
1789728035843 timeout waiting for turn root idle after 5s
1789728040854 timeout waiting for turn root idle after 5s
1789728045865 timeout waiting for turn root idle after 5s
1789728050876 timeout waiting for turn root idle after 5s
1789728055889 timeout waiting for turn root idle after 5s
1789728060901 timeout waiting for turn root idle after 5s
1789728065915 timeout waiting for turn root idle after 5s
1789728070927 timeout waiting for turn root idle after 5s
1789728075940 timeout waiting for turn root idle after 5s
1789728080952 timeout waiting for turn root idle after 5s
1789728085966 timeout waiting for turn root idle after 5s
1789728090979 timeout waiting for turn root idle after 5s
1789728095992 timeout waiting for turn root idle after 5s
1789728101006 timeout waiting for turn root idle after 5s
1789728106019 timeout waiting for turn root idle after 5s
1789728111032 timeout waiting for turn root idle after 5s
1789728116045 timeout waiting for turn root idle after 5s
1789728121059 timeout waiting for turn root idle after 5s
1789728126070 timeout waiting for turn root idle after 5s
1789728131084 timeout waiting for turn root idle after 5s
1789728136097 timeout waiting for turn root idle after 5s
1789728141111 timeout waiting for turn root idle after 5s
1789728146124 timeout waiting for turn root idle after 5s
1789728151138 timeout waiting for turn root idle after 5s
1789728156150 timeout waiting for turn root idle after 5s
1789728161164 timeout waiting for turn root idle after 5s
1789728166178 timeout waiting for turn root idle after 5s
1789728171192 timeout waiting for turn root idle after 5s
1789728176206 timeout waiting for turn root idle after 5s
1789728181219 timeout waiting for turn root idle after 5s
1789728186231 timeout waiting for turn root idle after 5s
1789728191245 timeout waiting for turn root idle after 5s
1789728196257 timeout waiting for turn root idle after 5s
1789728201270 timeout waiting for turn root idle after 5s
1789728206282 timeout waiting for turn root idle after 5s
1789728211295 timeout waiting for turn root idle after 5s
1789728216307 timeout waiting for turn root idle after 5s
1789728221319 timeout waiting for turn root idle after 5s
1789728226331 timeout waiting for turn root idle after 5s
1789728231344 timeout waiting for turn root idle after 5s
1789728236356 timeout waiting for turn root idle after 5s
1789728241368 timeout waiting for turn root idle after 5s
1789728246381 timeout waiting for turn root idle after 5s
1789728251394 timeout waiting for turn root idle after 5s
1789728256407 timeout waiting for turn root idle after 5s
1789728261418 timeout waiting for turn root idle after 5s
1789728266432 timeout waiting for turn root idle after 5s
1789728271444 timeout waiting for turn root idle after 5s
1789728276456 timeout waiting for turn root idle after 5s
1789728281469 timeout waiting for turn root idle after 5s
1789728286482 timeout waiting for turn root idle after 5s
1789728291494 timeout waiting for turn root idle after 5s
1789728296507 timeout waiting for turn root idle after 5s
1789728301520 timeout waiting for turn root idle after 5s
1789728306533 timeout waiting for turn root idle after 5s
1789728306534 BREAK turn-never-ended: feature turn-feedback: turn never ended — still producing frames at the 300 s ceiling
1789728306565 kernel stopped with code 0
1789728306597 bugs: new 44661827b1.md
