env_stray_secrets: 4 variable(s) in this kernel's environment look like credentials and are not managed by the secrets door: CLOUD_AGENT_ALL_SECRET_NAMES, CLOUD_AGENT_INJECTED_SECRET_NAMES, CUROR_API_KEY_ENV, CURSOR_API_KEY — start the kernel from a clean environment or declare them in .arbos/secrets.toml
Walking /tmp/arbos-qa-bench-fix-commit-branch-zrxcovf2/place...
Found 28 text files (0 binary skipped, 0 too large, 0 errors)
Extracting trigrams...
Writing index (8137 trigrams, 28 files, 0 spill segment(s))...
Index built successfully at /tmp/arbos-qa-bench-fix-commit-branch-zrxcovf2/home/.cache/arbos/tgrep/03f355a481d82de4
tools fix-python-script: 3 calls, wall 5ms, sum 4ms, speedup 0.8x
tools fix-python-script: 2 calls, wall 274ms, sum 269ms, speedup 1.0x
tools fix-python-script: 2 calls, wall 273ms, sum 262ms, speedup 1.0x
tools fix-python-script: 3 calls, wall 23ms, sum 20ms, speedup 0.9x
tools fix-python-script: 4 calls, wall 274ms, sum 262ms, speedup 1.0x
tools fix-python-script: 2 calls, wall 525ms, sum 525ms, speedup 1.0x
tools fix-python-script: 2 calls, wall 525ms, sum 525ms, speedup 1.0x
tools fix-python-script: 2 calls, wall 271ms, sum 264ms, speedup 1.0x
tools fix-python-script: 2 calls, wall 272ms, sum 265ms, speedup 1.0x
tools fix-python-script: 4 calls, wall 1048ms, sum 1048ms, speedup 1.0x
tools fix-python-script: 4 calls, wall 1050ms, sum 1050ms, speedup 1.0x
tools fix-python-script: 6 calls, wall 1578ms, sum 1578ms, speedup 1.0x
tools fix-python-script: 3 calls, wall 530ms, sum 526ms, speedup 1.0x
tools fix-python-script: 2 calls, wall 534ms, sum 533ms, speedup 1.0x
tools fix-python-script: 3 calls, wall 532ms, sum 524ms, speedup 1.0x
tools fix-python-script: 3 calls, wall 15ms, sum 6ms, speedup 0.4x
tools root: 2 calls, wall 4ms, sum 2ms, speedup 0.5x
